Archive member included to satisfy reference by file (symbol)

/home/devbox/qnx710/target/qnx7/armle-v7/usr/lib/libdrvr.a(hwi_find_bus.o)
                              soc.o (hwi_find_bus)
/home/devbox/qnx710/target/qnx7/armle-v7/usr/lib/libdrvr.a(hwi_find.o)
                              /home/devbox/qnx710/target/qnx7/armle-v7/usr/lib/libdrvr.a(hwi_find_bus.o) (hwi_find)

Allocating common symbols
Common symbol       size              file

sdio_ctrl           0xac              base.o

Memory Configuration

Name             Origin             Length             Attributes
*default*        0x0000000000000000 0xffffffffffffffff

Linker script and memory map

LOAD /home/devbox/qnx710/target/qnx7/armle-v7/lib/crt1S.o
LOAD /home/devbox/qnx710/target/qnx7/armle-v7/lib/crti.o
LOAD /home/devbox/qnx710/host/linux/x86_64/usr/lib/gcc/arm-unknown-nto-qnx7.1.0eabi/8.3.0/pic//crtbegin.o
LOAD base.o
LOAD bs.o
LOAD card.o
LOAD dwmshc.o
LOAD imx6.o
LOAD mmc.o
LOAD omap.o
LOAD pci.o
LOAD rcar_gen3.o
LOAD sd.o
LOAD sdhci.o
LOAD sdhci_pci.o
LOAD sim_assd.o
LOAD sim_bs.o
LOAD sim_sdmmc.o
LOAD soc.o
LOAD /home/devbox/qnx710/target/qnx7/armle-v7/usr/lib/libdrvr.a
LOAD /home/devbox/qnx710/target/qnx7/armle-v7/usr/lib/libcache.a
LOAD /home/devbox/qnx710/target/qnx7/armle-v7/lib/libcam.so
LOAD /home/devbox/qnx710/target/qnx7/armle-v7/lib/libc.so
LOAD /home/devbox/qnx710/target/qnx7/armle-v7/lib/libcS.a
LOAD /home/devbox/qnx710/target/qnx7/armle-v7/lib/libgcc_s.so
LOAD /home/devbox/qnx710/host/linux/x86_64/usr/lib/gcc/arm-unknown-nto-qnx7.1.0eabi/8.3.0/libgcc_eh.a
LOAD /home/devbox/qnx710/host/linux/x86_64/usr/lib/gcc/arm-unknown-nto-qnx7.1.0eabi/8.3.0/pic//crtend.o
LOAD /home/devbox/qnx710/target/qnx7/armle-v7/lib/crtn.o
                [!provide]                        PROVIDE (__executable_start = SEGMENT_START ("text-segment", 0x0))
                0x0000000000000134                . = (SEGMENT_START ("text-segment", 0x0) + SIZEOF_HEADERS)

.interp         0x0000000000000134       0x14
 *(.interp)
 .interp        0x0000000000000134       0x14 /home/devbox/qnx710/target/qnx7/armle-v7/lib/crt1S.o

.note.gnu.build-id
                0x0000000000000148       0x20
 *(.note.gnu.build-id)
 .note.gnu.build-id
                0x0000000000000148       0x20 linker stubs

.note           0x0000000000000168       0x1c
 .note          0x0000000000000168       0x1c /home/devbox/qnx710/target/qnx7/armle-v7/lib/crtn.o

.hash
 *(.hash)

.gnu.hash       0x0000000000000184       0x30
 *(.gnu.hash)
 .gnu.hash      0x0000000000000184       0x30 /home/devbox/qnx710/target/qnx7/armle-v7/lib/crt1S.o

.dynsym         0x00000000000001b4      0x850
 *(.dynsym)
 .dynsym        0x00000000000001b4      0x850 /home/devbox/qnx710/target/qnx7/armle-v7/lib/crt1S.o

.dynstr         0x0000000000000a04      0x76a
 *(.dynstr)
 .dynstr        0x0000000000000a04      0x76a /home/devbox/qnx710/target/qnx7/armle-v7/lib/crt1S.o

.gnu.version    0x000000000000116e        0x0
 *(.gnu.version)
 .gnu.version   0x000000000000116e        0x0 /home/devbox/qnx710/target/qnx7/armle-v7/lib/crt1S.o

.gnu.version_d  0x0000000000001170        0x0
 *(.gnu.version_d)
 .gnu.version_d
                0x0000000000001170        0x0 /home/devbox/qnx710/target/qnx7/armle-v7/lib/crt1S.o

.gnu.version_r  0x0000000000001170        0x0
 *(.gnu.version_r)
 .gnu.version_r
                0x0000000000001170        0x0 /home/devbox/qnx710/target/qnx7/armle-v7/lib/crt1S.o

.rel.dyn        0x0000000000001170      0x560
 *(.rel.init)
 *(.rel.text .rel.text.* .rel.gnu.linkonce.t.*)
 .rel.text      0x0000000000001170        0x0 /home/devbox/qnx710/target/qnx7/armle-v7/lib/crt1S.o
 *(.rel.fini)
 *(.rel.rodata .rel.rodata.* .rel.gnu.linkonce.r.*)
 *(.rel.data.rel.ro .rel.data.rel.ro.* .rel.gnu.linkonce.d.rel.ro.*)
 .rel.data.rel.ro
                0x0000000000001170        0x0 /home/devbox/qnx710/target/qnx7/armle-v7/lib/crt1S.o
 .rel.data.rel.ro.local
                0x0000000000001170      0x298 /home/devbox/qnx710/target/qnx7/armle-v7/lib/crt1S.o
 *(.rel.data .rel.data.* .rel.gnu.linkonce.d.*)
 .rel.data.rel.local
                0x0000000000001408      0x218 /home/devbox/qnx710/target/qnx7/armle-v7/lib/crt1S.o
 .rel.data      0x0000000000001620       0x10 /home/devbox/qnx710/target/qnx7/armle-v7/lib/crt1S.o
 *(.rel.tdata .rel.tdata.* .rel.gnu.linkonce.td.*)
 *(.rel.tbss .rel.tbss.* .rel.gnu.linkonce.tb.*)
 *(.rel.ctors)
 *(.rel.dtors)
 *(.rel.got)
 .rel.got       0x0000000000001630       0x90 /home/devbox/qnx710/target/qnx7/armle-v7/lib/crt1S.o
 *(.rel.bss .rel.bss.* .rel.gnu.linkonce.b.*)
 .rel.bss       0x00000000000016c0        0x0 /home/devbox/qnx710/target/qnx7/armle-v7/lib/crt1S.o
                [!provide]                        PROVIDE (__rel_iplt_start = .)
 *(.rel.iplt)
 .rel.iplt      0x00000000000016c0        0x0 /home/devbox/qnx710/target/qnx7/armle-v7/lib/crt1S.o
                [!provide]                        PROVIDE (__rel_iplt_end = .)
 .rel.fini_array
                0x00000000000016c0        0x8 /home/devbox/qnx710/target/qnx7/armle-v7/lib/crt1S.o
 .rel.init_array
                0x00000000000016c8        0x8 /home/devbox/qnx710/target/qnx7/armle-v7/lib/crt1S.o

.rela.dyn       0x00000000000016d0        0x0
 *(.rela.init)
 *(.rela.text .rela.text.* .rela.gnu.linkonce.t.*)
 *(.rela.fini)
 *(.rela.rodata .rela.rodata.* .rela.gnu.linkonce.r.*)
 *(.rela.data .rela.data.* .rela.gnu.linkonce.d.*)
 *(.rela.tdata .rela.tdata.* .rela.gnu.linkonce.td.*)
 *(.rela.tbss .rela.tbss.* .rela.gnu.linkonce.tb.*)
 *(.rela.ctors)
 *(.rela.dtors)
 *(.rela.got)
 *(.rela.bss .rela.bss.* .rela.gnu.linkonce.b.*)
                [!provide]                        PROVIDE (__rela_iplt_start = .)
 *(.rela.iplt)
                [!provide]                        PROVIDE (__rela_iplt_end = .)

.rel.plt        0x00000000000016d0      0x3c0
 *(.rel.plt)
 .rel.plt       0x00000000000016d0      0x3c0 /home/devbox/qnx710/target/qnx7/armle-v7/lib/crt1S.o

.rela.plt
 *(.rela.plt)

.init
 *(SORT_NONE(.init))

.plt            0x0000000000001a90      0x5d8
 *(.plt)
 .plt           0x0000000000001a90      0x5d8 /home/devbox/qnx710/target/qnx7/armle-v7/lib/crt1S.o

.iplt           0x0000000000002068        0x0
 *(.iplt)
 .iplt          0x0000000000002068        0x0 /home/devbox/qnx710/target/qnx7/armle-v7/lib/crt1S.o

.text           0x0000000000002068     0xb954
                0x0000000000002068                _btext = .
 *(.text.unlikely .text.*_unlikely .text.unlikely.*)
 *(.text.exit .text.exit.*)
 *(.text.startup .text.startup.*)
 .text.startup  0x0000000000002068       0xb4 sim_sdmmc.o
                0x0000000000002068                main
 *(.text.hot .text.hot.*)
 *(.text .stub .text.* .gnu.linkonce.t.*)
 .text          0x000000000000211c       0xcc /home/devbox/qnx710/target/qnx7/armle-v7/lib/crt1S.o
                0x000000000000211c                _start
 .text          0x00000000000021e8        0x0 /home/devbox/qnx710/target/qnx7/armle-v7/lib/crti.o
 .text          0x00000000000021e8      0x10c /home/devbox/qnx710/host/linux/x86_64/usr/lib/gcc/arm-unknown-nto-qnx7.1.0eabi/8.3.0/pic//crtbegin.o
 .text          0x00000000000022f4     0x2d3c base.o
                0x0000000000002328                sdio_trace_event
                0x000000000000237c                sdio_slogf
                0x00000000000023ec                sdio_dump
                0x0000000000002510                fls
                0x0000000000002524                sdio_alloc
                0x000000000000253a                sdio_free
                0x000000000000253e                sdio_hc_alloc
                0x00000000000025ac                sdio_hc_free
                0x00000000000025dc                sdio_vtop_sg
                0x00000000000025e0                sdio_vtop
                0x00000000000025e6                sdio_module_args
                0x0000000000002620                sdio_parse_number
                0x0000000000002678                sdio_strchr
                0x00000000000026b6                sdio_parse_tuple
                0x0000000000002720                sdio_set_thread_state
                0x000000000000273a                sdio_hc_thread
                0x0000000000002888                sdio_create_thread
                0x000000000000294c                sdio_extract_bits
                0x0000000000002998                sdio_sg_start
                0x00000000000029b8                sdio_sg_nxt
                0x0000000000002a10                sdio_device_errata
                0x0000000000002ab0                sdio_reconcile_errata
                0x0000000000002af4                sdio_pwr
                0x0000000000002b58                sdio_drv_type
                0x0000000000002ba8                sdio_bus_mode
                0x0000000000002bfc                sdio_bus_width
                0x0000000000002c3c                sdio_clock
                0x0000000000002c94                sdio_timing
                0x0000000000002ce4                sdio_signal_voltage
                0x0000000000002d34                sdio_select_voltage
                0x0000000000002d66                sdio_tune
                0x0000000000002dac                sdio_preset
                0x0000000000002e0e                sdio_power
                0x0000000000002e24                sdio_rsp
                0x0000000000003110                sdio_erase_timeout
                0x000000000000313e                _sdio_reset
                0x00000000000031f0                sdio_retune
                0x0000000000003280                sdio_wait_cmd
                0x0000000000003354                sdio_issue_cmd
                0x000000000000340c                sdio_cmd_cmplt
                0x0000000000003494                _sdio_send_cmd
                0x0000000000003548                _sdio_send_status
                0x00000000000035b4                _sdio_wait_card_status
                0x0000000000003680                sdio_send_csd
                0x00000000000036d0                sdio_select_card
                0x0000000000003726                _sdio_pwrmgnt
                0x0000000000003918                _sdio_stop_transmission
                0x0000000000003962                _sdio_set_block_length
                0x00000000000039c8                _sdio_set_block_count
                0x0000000000003a04                _sdio_lock_unlock
                0x0000000000003b2c                sdio_go_idle
                0x0000000000003b66                sdio_all_send_cid
                0x0000000000003bb6                _sdio_bus_error
                0x0000000000003c1c                _sdio_attach
                0x0000000000003d00                sdio_cd_info
                0x0000000000003fe4                sdio_event
                0x000000000000403c                sdio_cd
                0x0000000000004218                sdio_hc_event
                0x0000000000004238                sdio_timer_settime
                0x0000000000004288                sdio_cd_enum
                0x00000000000042aa                sdio_cd_thread
                0x00000000000043a8                sdio_options
                0x0000000000004b50                sdio_hc_dinit
                0x0000000000004bba                sdio_hc_lookup
                0x0000000000004c5c                sdio_hc_init
                0x0000000000004d88                sdio_cd_dinit
                0x0000000000004dce                sdio_dinit
                0x0000000000004e1e                sdio_init
                0x0000000000004ea0                _sdio_disconnect
                0x0000000000004ee8                _sdio_connect
 .text          0x0000000000005030      0x458 bs.o
                0x000000000000546e                bs_set_ldo
                0x0000000000005472                bs_event
 .text          0x0000000000005488      0x80c card.o
                0x0000000000005488                _sdio_synchronize
                0x0000000000005518                sdio_device_lookup
                0x0000000000005558                sdio_client_hdl
                0x000000000000555c                sdio_bs_hdl
                0x0000000000005566                sdio_get_cid
                0x000000000000556c                sdio_get_raw_cid
                0x0000000000005572                sdio_get_csd
                0x0000000000005578                sdio_get_raw_csd
                0x0000000000005580                sdio_get_ecsd
                0x0000000000005586                sdio_get_raw_ecsd
                0x000000000000558e                sdio_get_raw_scr
                0x0000000000005596                sdio_verbosity
                0x00000000000055a2                sdio_alloc_cmd
                0x00000000000055f4                sdio_free_cmd
                0x0000000000005628                sdio_cmd_status
                0x0000000000005646                sdio_setup_cmd
                0x0000000000005650                sdio_setup_cmd_io
                0x000000000000566c                sdio_send_cmd
                0x00000000000056aa                sdio_stop_transmission
                0x00000000000056d6                sdio_set_partition
                0x000000000000570a                sdio_set_block_count
                0x0000000000005736                sdio_set_block_length
                0x0000000000005762                sdio_sd_switch
                0x00000000000057a0                sdio_mmc_switch
                0x00000000000057e2                sdio_send_ext_csd
                0x000000000000580e                sdio_wait_card_status
                0x000000000000584c                sdio_send_status
                0x000000000000587c                sdio_hc_info
                0x00000000000058c2                sdio_dev_info
                0x00000000000059ae                sdio_cache
                0x00000000000059ee                sdio_erase
                0x0000000000005a50                sdio_lock_unlock
                0x0000000000005a94                sdio_bus_error
                0x0000000000005aba                sdio_reset
                0x0000000000005ae2                sdio_idle
                0x0000000000005b02                sdio_pwrmgnt
                0x0000000000005b2e                sdio_detach
                0x0000000000005b74                sdio_attach
                0x0000000000005c30                sdio_enum
                0x0000000000005c60                sdio_disconnect
                0x0000000000005c64                sdio_connect
 .text          0x0000000000005c94        0x0 dwmshc.o
 .text          0x0000000000005c94        0x0 imx6.o
 .text          0x0000000000005c94     0x14c0 mmc.o
                0x0000000000005c94                mmc_parse_cid
                0x0000000000005d6e                mmc_parse_csd
                0x0000000000005f58                mmc_parse_ext_csd
                0x00000000000061cc                mmc_wp_grp_size
                0x0000000000006204                mmc_erase_grp_size
                0x0000000000006228                mmc_switch
                0x0000000000006296                mmc_set_partition
                0x00000000000062c0                mmc_sleep_awake
                0x0000000000006334                mmc_cache
                0x0000000000006396                mmc_erase_timeout
                0x0000000000006438                mmc_erase
                0x000000000000652e                mmc_send_ext_csd
                0x00000000000065e0                mmc_set_relative_addr
                0x000000000000661e                mmc_send_op_cond
                0x0000000000006690                mmc_bus_test
                0x00000000000067bc                mmc_bus_width
                0x0000000000006820                mmc_init_hs
                0x00000000000068b8                _mmc_init_hs200
                0x00000000000069ac                mmc_init_hs200
                0x0000000000006a68                mmc_init_hs400
                0x0000000000006c30                mmc_init_ddr
                0x0000000000006cec                mmc_init_bus
                0x0000000000006e44                mmc_init_device
                0x0000000000007050                mmc_bus_error
                0x00000000000070e8                mmc_ident
 *fill*         0x0000000000007154        0x4 
 .text          0x0000000000007158     0x1fd0 omap.o
                0x0000000000007158                omap_sdma_intr
                0x000000000000818c                omap_sdma_event
                0x000000000000851c                omap_sdma_init
                0x000000000000871c                omap_sdma_dinit
                0x00000000000087a0                omap_dinit
                0x0000000000008848                omap_dma_init
                0x000000000000897c                omap_init
 .text          0x0000000000009128        0x0 pci.o
 .text          0x0000000000009128        0x0 rcar_gen3.o
 .text          0x0000000000009128     0x13d0 sd.o
                0x0000000000009128                sd_parse_cid
                0x00000000000091b0                sd_parse_csd
                0x00000000000093a4                sd_parse_scr
                0x0000000000009442                sdio_send_relative_addr
                0x00000000000094aa                sd_voltage_switch
                0x00000000000094e6                sd_switch
                0x000000000000960c                sd_app_cmd
                0x0000000000009652                sd_app_send_scr
                0x00000000000096fc                sd_app_sd_status
                0x00000000000097b4                sd_erase_grp_size
                0x00000000000097d4                sd_erase_timeout
                0x00000000000097ec                sd_erase
                0x00000000000098d8                sd_send_if_cond
                0x0000000000009934                sd_app_send_op_cond
                0x00000000000099e8                sd_read_switch
                0x0000000000009aa8                sd_read_status
                0x0000000000009bac                sd_switch_hs
                0x0000000000009c2c                sd_app_set_bus_width
                0x0000000000009c6a                sd_set_bus_width
                0x0000000000009cd8                sd_set_drv_type
                0x0000000000009dc0                sd_set_bus_speed_mode
                0x0000000000009e90                sd_set_current_limit
                0x0000000000009f40                sd_init_assd
                0x0000000000009ff4                sd_select_bus_mode
                0x000000000000a02a                sd_init_uhs
                0x000000000000a0cc                sd_init_bus
                0x000000000000a172                sd_capabilities
                0x000000000000a1b6                sd_lock_unlock
                0x000000000000a20c                sd_unlock
                0x000000000000a25c                sd_init_device
                0x000000000000a418                sd_bus_error
                0x000000000000a49c                sd_ident
 .text          0x000000000000a4f8        0x0 sdhci.o
 .text          0x000000000000a4f8        0x0 sdhci_pci.o
 .text          0x000000000000a4f8      0x648 sim_assd.o
                0x000000000000a764                sdmmc_assd_control_devctl
                0x000000000000a80c                sdmmc_assd_status_devctl
                0x000000000000a838                sdmmc_assd_properties_devctl
                0x000000000000a866                sdmmc_assd_apdu_devctl
                0x000000000000ab28                sdmmc_assd_init
 .text          0x000000000000ab40       0x50 sim_bs.o
                0x000000000000ab40                sim_bs_args
 .text          0x000000000000ab90     0x2b58 sim_sdmmc.o
                0x000000000000ab90                sdmmc_sim_init
                0x000000000000ab94                sdmmc_alloc_hba
                0x000000000000abf8                sdmmc_sim_args
                0x000000000000aef8                sdmmc_free_hba
                0x000000000000af34                sdmmc_partition_enum
                0x000000000000b07c                sdmmc_partition_config
                0x000000000000b110                sdmmc_reg
                0x000000000000b208                sdmmc_sdio_event
                0x000000000000b26c                sdmmc_post_ccb
                0x000000000000b2f4                sdmmc_sense
                0x000000000000b344                sdmmc_error
                0x000000000000b3ac                sdmmc_unit_ready
                0x000000000000b3f0                sdmmc_mpage_rw_err
                0x000000000000b438                sdmmc_mpage_caching
                0x000000000000b4b8                sdmmc_mode_select
                0x000000000000b4cc                sdmmc_mode_sense
                0x000000000000b512                sdmmc_evpd_inquiry
                0x000000000000b600                sdmmc_std_inquiry
                0x000000000000b69c                sdmmc_inquiry
                0x000000000000b6ac                sdmmc_spindle
                0x000000000000b6d2                sdmmc_capacity
                0x000000000000b708                sdmmc_write_same
                0x000000000000b854                sdmmc_erase12
                0x000000000000b96a                sdmmc_sync
                0x000000000000b9b2                sdmmc_timer_settime
                0x000000000000ba30                sdmmc_pm
                0x000000000000bacc                sdmmc_pwroff_notify
                0x000000000000bb7c                sdmmc_detach
                0x000000000000bbe6                sdmmc_sdio_removal
                0x000000000000bc4c                sdmmc_sim_detach
                0x000000000000bc88                sdmmc_bkops_cfg
                0x000000000000bce4                sdmmc_attach
                0x000000000000bdfc                sdmmc_sdio_insertion
                0x000000000000be5c                sdmmc_sim_attach
                0x000000000000bf70                sdmmc_bkops
                0x000000000000c040                sdmmc_write_protect
                0x000000000000c2f4                sdmmc_set_partition_attr
                0x000000000000c334                sdmmc_reset
                0x000000000000c394                sdmmc_rw
                0x000000000000c65c                sdmmc_read_write
                0x000000000000c7ec                sdmmc_dsn_devctl
                0x000000000000c82c                sdmmc_wp_devctl
                0x000000000000c904                sdmmc_erase_devctl
                0x000000000000cb88                sdmmc_lock_unlock_devctl
                0x000000000000cbde                sdmmc_card_register_devctl
                0x000000000000ccec                sdmmc_verbosity_devctl
                0x000000000000cd12                sdmmc_dsm
                0x000000000000cdda                sdmmc_dsm_devctl
                0x000000000000ce5c                sdmmc_part_info_devctl
                0x000000000000cf74                sdmmc_pwr_mgnt_devctl
                0x000000000000d00c                sdmmc_devctl
                0x000000000000d148                sdmmc_scsi_io
                0x000000000000d23c                sdmmc_start_ccb
                0x000000000000d2c0                sdmmc_timer
                0x000000000000d370                sdmmc_driver_thread
                0x000000000000d520                sdmmc_reset_bus
                0x000000000000d54c                sdmmc_reset_dev
                0x000000000000d578                sdmmc_rel_simq
                0x000000000000d596                sdmmc_term_io
                0x000000000000d59a                sdmmc_path_inq
                0x000000000000d638                sdmmc_sim_action
 .text          0x000000000000d6e8      0x220 soc.o
                0x000000000000d6e8                sdio_soc_hwi
                0x000000000000d6f8                sdio_soc_config
                0x000000000000d870                sdio_soc_scan
                0x000000000000d8d0                sdio_soc_device
 .text          0x000000000000d908       0x34 /home/devbox/qnx710/target/qnx7/armle-v7/usr/lib/libdrvr.a(hwi_find_bus.o)
                0x000000000000d908                hwi_find_bus
 .text          0x000000000000d93c       0x80 /home/devbox/qnx710/target/qnx7/armle-v7/usr/lib/libdrvr.a(hwi_find.o)
                0x000000000000d93c                hwi_find
 .text          0x000000000000d9bc        0x0 /home/devbox/qnx710/host/linux/x86_64/usr/lib/gcc/arm-unknown-nto-qnx7.1.0eabi/8.3.0/pic//crtend.o
 .text          0x000000000000d9bc        0x0 /home/devbox/qnx710/target/qnx7/armle-v7/lib/crtn.o
 *(.gnu.warning)
 *(.glue_7t)
 .glue_7t       0x000000000000d9bc        0x0 linker stubs
 *(.glue_7)
 .glue_7        0x000000000000d9bc        0x0 linker stubs
 *(.vfp11_veneer)
 .vfp11_veneer  0x000000000000d9bc        0x0 linker stubs
 *(.v4_bx)
 .v4_bx         0x000000000000d9bc        0x0 linker stubs

.fini
 *(SORT_NONE(.fini))
                [!provide]                        PROVIDE (__etext = .)
                [!provide]                        PROVIDE (_etext = .)
                [!provide]                        PROVIDE (etext = .)

.rodata         0x000000000000d9bc     0x1aff
 *(.rodata .rodata.* .gnu.linkonce.r.*)
 .rodata        0x000000000000d9bc      0x1fb base.o
                0x000000000000daf7                sdio_tbp_8bit
                0x000000000000db77                sdio_tbp_4bit
 .rodata.str1.1
                0x000000000000dbb7      0x8ae base.o
                                        0x8f4 (size before relaxing)
 .rodata        0x000000000000e465       0x2a bs.o
 .rodata.str1.1
                0x000000000000e48f       0xa2 bs.o
                                         0xb0 (size before relaxing)
 *fill*         0x000000000000e531        0x3 
 .rodata        0x000000000000e534      0x120 mmc.o
                0x000000000000e534                mmc_tran_speed_mf
                0x000000000000e574                mmc_tran_speed_fu
                0x000000000000e5f8                mmc_tacc_mf
                0x000000000000e638                mmc_tacc_tu
 .rodata.str1.1
                0x000000000000e654      0x212 mmc.o
 .rodata        0x000000000000e866       0x95 omap.o
 .rodata.str1.1
                0x000000000000e8fb      0x455 omap.o
 .rodata        0x000000000000ed50      0x180 sd.o
                0x000000000000ed50                sd_tran_speed_mf
                0x000000000000ed90                sd_tran_speed_fu
                0x000000000000ee74                sd_tacc_mf
                0x000000000000eeb4                sd_tacc_tu
 .rodata.str1.1
                0x000000000000eed0      0x13c sd.o
 .rodata        0x000000000000f00c        0xe sim_assd.o
 .rodata.str1.1
                0x000000000000f01a       0x39 sim_assd.o
 .rodata        0x000000000000f053       0xf1 sim_sdmmc.o
 .rodata.str1.1
                0x000000000000f144      0x30f sim_sdmmc.o
                                        0x34e (size before relaxing)
 .rodata        0x000000000000f453       0x10 soc.o
 .rodata.str1.1
                0x000000000000f463       0x4c soc.o
                                         0x59 (size before relaxing)
 .rodata.str1.1
                0x000000000000f4af        0x4 /home/devbox/qnx710/target/qnx7/armle-v7/usr/lib/libdrvr.a(hwi_find_bus.o)
 .rodata.str1.1
                0x000000000000f4b3        0x8 /home/devbox/qnx710/target/qnx7/armle-v7/usr/lib/libdrvr.a(hwi_find.o)

.rodata1
 *(.rodata1)

.ARM.extab
 *(.ARM.extab* .gnu.linkonce.armextab.*)
                0x000000000000f4bb                __exidx_start = .

.ARM.exidx
 *(.ARM.exidx* .gnu.linkonce.armexidx.*)
                0x000000000000f4bb                __exidx_end = .

.eh_frame_hdr
 *(.eh_frame_hdr)
 *(.eh_frame_entry .eh_frame_entry.*)

.eh_frame       0x000000000000f4bc        0x4
 *(.eh_frame)
 .eh_frame      0x000000000000f4bc        0x0 /home/devbox/qnx710/host/linux/x86_64/usr/lib/gcc/arm-unknown-nto-qnx7.1.0eabi/8.3.0/pic//crtbegin.o
 .eh_frame      0x000000000000f4bc        0x4 /home/devbox/qnx710/host/linux/x86_64/usr/lib/gcc/arm-unknown-nto-qnx7.1.0eabi/8.3.0/pic//crtend.o
 *(.eh_frame.*)

.gcc_except_table
 *(.gcc_except_table .gcc_except_table.*)

.gnu_extab
 *(.gnu_extab*)

.exception_ranges
 *(.exception_ranges*)
                0x0000000000010b98                . = DATA_SEGMENT_ALIGN (CONSTANT (MAXPAGESIZE), CONSTANT (COMMONPAGESIZE))

.eh_frame
 *(.eh_frame)
 *(.eh_frame.*)

.gnu_extab
 *(.gnu_extab)

.gcc_except_table
 *(.gcc_except_table .gcc_except_table.*)

.exception_ranges
 *(.exception_ranges*)

.tdata          0x0000000000010b98        0x0
                [!provide]                        PROVIDE (__tdata_start = .)
 *(.tdata .tdata.* .gnu.linkonce.td.*)

.tbss
 *(.tbss .tbss.* .gnu.linkonce.tb.*)
 *(.tcommon)

.preinit_array  0x0000000000010b98        0x0
                0x0000000000010b98                PROVIDE (__preinit_array_start = .)
 *(.preinit_array)
                0x0000000000010b98                PROVIDE (__preinit_array_end = .)

.init_array     0x0000000000010b98        0x4
                0x0000000000010b98                PROVIDE (__init_array_start = .)
 *(SORT_BY_INIT_PRIORITY(.init_array.*) SORT_BY_INIT_PRIORITY(.ctors.*))
 *(.init_array EXCLUDE_FILE(*crtend?.o *crtend.o *crtbegin?.o *crtbegin.o) .ctors)
 .init_array    0x0000000000010b98        0x4 /home/devbox/qnx710/host/linux/x86_64/usr/lib/gcc/arm-unknown-nto-qnx7.1.0eabi/8.3.0/pic//crtbegin.o
                0x0000000000010b9c                PROVIDE (__init_array_end = .)

.fini_array     0x0000000000010b9c        0x4
                0x0000000000010b9c                PROVIDE (__fini_array_start = .)
 *(SORT_BY_INIT_PRIORITY(.fini_array.*) SORT_BY_INIT_PRIORITY(.dtors.*))
 *(.fini_array EXCLUDE_FILE(*crtend?.o *crtend.o *crtbegin?.o *crtbegin.o) .dtors)
 .fini_array    0x0000000000010b9c        0x4 /home/devbox/qnx710/host/linux/x86_64/usr/lib/gcc/arm-unknown-nto-qnx7.1.0eabi/8.3.0/pic//crtbegin.o
                0x0000000000010ba0                PROVIDE (__fini_array_end = .)

.ctors
 *crtbegin.o(.ctors)
 *crtbegin?.o(.ctors)
 *(EXCLUDE_FILE(*crtend?.o *crtend.o) .ctors)
 *(SORT_BY_NAME(.ctors.*))
 *(.ctors)

.dtors
 *crtbegin.o(.dtors)
 *crtbegin?.o(.dtors)
 *(EXCLUDE_FILE(*crtend?.o *crtend.o) .dtors)
 *(SORT_BY_NAME(.dtors.*))
 *(.dtors)

.jcr
 *(.jcr)

.data.rel.ro    0x0000000000010ba0      0x14c
 *(.data.rel.ro.local* .gnu.linkonce.d.rel.ro.local.*)
 .data.rel.ro.local
                0x0000000000010ba0      0x13c base.o
 .data.rel.ro.local
                0x0000000000010cdc       0x10 sim_sdmmc.o
                0x0000000000010cdc                sim_module
 *(.data.rel.ro .data.rel.ro.* .gnu.linkonce.d.rel.ro.*)
 .data.rel.ro   0x0000000000010cec        0x0 /home/devbox/qnx710/target/qnx7/armle-v7/lib/crt1S.o

.dynamic        0x0000000000010cec       0xe0
 *(.dynamic)
 .dynamic       0x0000000000010cec       0xe0 /home/devbox/qnx710/target/qnx7/armle-v7/lib/crt1S.o
                0x0000000000010cec                _DYNAMIC

.got            0x0000000000010dcc      0x234
 *(.got.plt)
 .got.plt       0x0000000000010dcc      0x1ec /home/devbox/qnx710/target/qnx7/armle-v7/lib/crt1S.o
                0x0000000000010dcc                _GLOBAL_OFFSET_TABLE_
 *(.igot.plt)
 .igot.plt      0x0000000000010fb8        0x0 /home/devbox/qnx710/target/qnx7/armle-v7/lib/crt1S.o
 *(.got)
 .got           0x0000000000010fb8       0x48 /home/devbox/qnx710/target/qnx7/armle-v7/lib/crt1S.o
 *(.igot)
                0x0000000000011000                . = DATA_SEGMENT_RELRO_END (., 0x0)

.data           0x0000000000011000      0x34c
                0x0000000000011000                __data_start = .
 *(.data .data.* .gnu.linkonce.d.*)
 .data          0x0000000000011000        0x0 /home/devbox/qnx710/target/qnx7/armle-v7/lib/crt1S.o
 .data          0x0000000000011000        0x0 /home/devbox/qnx710/target/qnx7/armle-v7/lib/crti.o
 .data          0x0000000000011000        0x0 /home/devbox/qnx710/host/linux/x86_64/usr/lib/gcc/arm-unknown-nto-qnx7.1.0eabi/8.3.0/pic//crtbegin.o
 .data.rel.local
                0x0000000000011000        0x4 /home/devbox/qnx710/host/linux/x86_64/usr/lib/gcc/arm-unknown-nto-qnx7.1.0eabi/8.3.0/pic//crtbegin.o
                0x0000000000011000                __dso_handle
 .data          0x0000000000011004        0x0 base.o
 .data.rel.local
                0x0000000000011004       0x4c base.o
 .data          0x0000000000011050        0x0 bs.o
 .data.rel.local
                0x0000000000011050       0x60 bs.o
                0x0000000000011084                sdio_vendors
                0x000000000001109c                sdio_ti_products
 .data          0x00000000000110b0        0x0 card.o
 .data          0x00000000000110b0        0x0 dwmshc.o
 .data          0x00000000000110b0        0x0 imx6.o
 .data          0x00000000000110b0        0xc mmc.o
 .data.rel.local
                0x00000000000110bc       0xe0 mmc.o
                0x00000000000110bc                mmc_errata
 .data          0x000000000001119c       0xf0 omap.o
                0x000000000001119c                omap5_es1_info
                0x00000000000111e4                dra7xx_info
                0x0000000000011220                omap5_es2_info
                0x0000000000011268                omap4_info
 .data.rel.local
                0x000000000001128c       0x44 omap.o
 .data          0x00000000000112d0        0x0 pci.o
 .data          0x00000000000112d0        0x0 rcar_gen3.o
 .data          0x00000000000112d0        0x0 sd.o
 .data.rel.local
                0x00000000000112d0       0x40 sd.o
                0x00000000000112d0                sd_errata
 .data          0x0000000000011310        0x0 sdhci.o
 .data          0x0000000000011310        0x0 sdhci_pci.o
 .data          0x0000000000011310        0x0 sim_assd.o
 .data          0x0000000000011310        0x0 sim_bs.o
 .data          0x0000000000011310       0x10 sim_sdmmc.o
 .data.rel.local
                0x0000000000011320       0x2c sim_sdmmc.o
                0x0000000000011344                sdmmc_sim_entry
 .data          0x000000000001134c        0x0 soc.o
 .data          0x000000000001134c        0x0 /home/devbox/qnx710/target/qnx7/armle-v7/usr/lib/libdrvr.a(hwi_find_bus.o)
 .data          0x000000000001134c        0x0 /home/devbox/qnx710/target/qnx7/armle-v7/usr/lib/libdrvr.a(hwi_find.o)
 .data          0x000000000001134c        0x0 /home/devbox/qnx710/host/linux/x86_64/usr/lib/gcc/arm-unknown-nto-qnx7.1.0eabi/8.3.0/pic//crtend.o
 .data          0x000000000001134c        0x0 /home/devbox/qnx710/target/qnx7/armle-v7/lib/crtn.o

.tm_clone_table
                0x000000000001134c        0x0
 .tm_clone_table
                0x000000000001134c        0x0 /home/devbox/qnx710/host/linux/x86_64/usr/lib/gcc/arm-unknown-nto-qnx7.1.0eabi/8.3.0/pic//crtbegin.o
 .tm_clone_table
                0x000000000001134c        0x0 /home/devbox/qnx710/host/linux/x86_64/usr/lib/gcc/arm-unknown-nto-qnx7.1.0eabi/8.3.0/pic//crtend.o

.data1
 *(.data1)
                0x000000000001134c                _edata = .
                [!provide]                        PROVIDE (edata = .)
                0x000000000001134c                . = .
                0x000000000001134c                __bss_start = .
                0x000000000001134c                __bss_start__ = .

.bss            0x000000000001134c       0xf0
 *(.dynbss)
 .dynbss        0x000000000001134c        0x0 /home/devbox/qnx710/target/qnx7/armle-v7/lib/crt1S.o
 *(.bss .bss.* .gnu.linkonce.b.*)
 .bss           0x000000000001134c        0x0 /home/devbox/qnx710/target/qnx7/armle-v7/lib/crt1S.o
 .bss           0x000000000001134c        0x0 /home/devbox/qnx710/target/qnx7/armle-v7/lib/crti.o
 .bss           0x000000000001134c       0x1c /home/devbox/qnx710/host/linux/x86_64/usr/lib/gcc/arm-unknown-nto-qnx7.1.0eabi/8.3.0/pic//crtbegin.o
 .bss           0x0000000000011368        0x0 base.o
 .bss           0x0000000000011368        0x0 bs.o
 .bss           0x0000000000011368        0x0 card.o
 .bss           0x0000000000011368        0x0 dwmshc.o
 .bss           0x0000000000011368        0x0 imx6.o
 .bss           0x0000000000011368        0x0 mmc.o
 .bss           0x0000000000011368        0x0 omap.o
 .bss           0x0000000000011368        0x0 pci.o
 .bss           0x0000000000011368        0x0 rcar_gen3.o
 .bss           0x0000000000011368        0x0 sd.o
 .bss           0x0000000000011368        0x0 sdhci.o
 .bss           0x0000000000011368        0x0 sdhci_pci.o
 .bss           0x0000000000011368        0x0 sim_assd.o
 .bss           0x0000000000011368        0x4 sim_bs.o
 .bss           0x000000000001136c       0x24 sim_sdmmc.o
                0x000000000001136c                sdmmc_ctrl
 .bss           0x0000000000011390        0x0 soc.o
 .bss           0x0000000000011390        0x0 /home/devbox/qnx710/target/qnx7/armle-v7/usr/lib/libdrvr.a(hwi_find_bus.o)
 .bss           0x0000000000011390        0x0 /home/devbox/qnx710/target/qnx7/armle-v7/usr/lib/libdrvr.a(hwi_find.o)
 .bss           0x0000000000011390        0x0 /home/devbox/qnx710/host/linux/x86_64/usr/lib/gcc/arm-unknown-nto-qnx7.1.0eabi/8.3.0/pic//crtend.o
 .bss           0x0000000000011390        0x0 /home/devbox/qnx710/target/qnx7/armle-v7/lib/crtn.o
 *(COMMON)
 COMMON         0x0000000000011390       0xac base.o
                0x0000000000011390                sdio_ctrl
                0x000000000001143c                . = ALIGN ((. != 0x0)?0x4:0x1)
                0x000000000001143c                _bss_end__ = .
                0x000000000001143c                __bss_end__ = .
                0x000000000001143c                . = ALIGN (0x4)
                0x000000000001143c                . = SEGMENT_START ("ldata-segment", .)
                0x000000000001143c                . = ALIGN (0x4)
                0x000000000001143c                __end__ = .
                0x000000000001143c                _end = .
                [!provide]                        PROVIDE (end = .)
                0x000000000001143c                . = DATA_SEGMENT_END (.)

.stab
 *(.stab)

.stabstr
 *(.stabstr)

.stab.excl
 *(.stab.excl)

.stab.exclstr
 *(.stab.exclstr)

.stab.index
 *(.stab.index)

.stab.indexstr
 *(.stab.indexstr)

.comment        0x0000000000000000       0x68
 *(.comment)
 .comment       0x0000000000000000       0x34 /home/devbox/qnx710/host/linux/x86_64/usr/lib/gcc/arm-unknown-nto-qnx7.1.0eabi/8.3.0/pic//crtbegin.o
                                         0x35 (size before relaxing)
 .comment       0x0000000000000034       0x35 base.o
 .comment       0x0000000000000034       0x35 bs.o
 .comment       0x0000000000000034       0x35 card.o
 .comment       0x0000000000000034       0x35 dwmshc.o
 .comment       0x0000000000000034       0x35 imx6.o
 .comment       0x0000000000000034       0x35 mmc.o
 .comment       0x0000000000000034       0x35 omap.o
 .comment       0x0000000000000034       0x35 pci.o
 .comment       0x0000000000000034       0x35 rcar_gen3.o
 .comment       0x0000000000000034       0x35 sd.o
 .comment       0x0000000000000034       0x35 sdhci.o
 .comment       0x0000000000000034       0x35 sdhci_pci.o
 .comment       0x0000000000000034       0x35 sim_assd.o
 .comment       0x0000000000000034       0x35 sim_bs.o
 .comment       0x0000000000000034       0x35 sim_sdmmc.o
 .comment       0x0000000000000034       0x35 soc.o
 .comment       0x0000000000000034       0x34 /home/devbox/qnx710/target/qnx7/armle-v7/usr/lib/libdrvr.a(hwi_find_bus.o)
                                         0x35 (size before relaxing)
 .comment       0x0000000000000068       0x35 /home/devbox/qnx710/target/qnx7/armle-v7/usr/lib/libdrvr.a(hwi_find.o)
 .comment       0x0000000000000068       0x35 /home/devbox/qnx710/host/linux/x86_64/usr/lib/gcc/arm-unknown-nto-qnx7.1.0eabi/8.3.0/pic//crtend.o

.ident          0x0000000000000000      0x8de
 .ident         0x0000000000000000       0x73 /home/devbox/qnx710/target/qnx7/armle-v7/lib/crt1S.o
 .ident         0x0000000000000073       0x72 /home/devbox/qnx710/target/qnx7/armle-v7/lib/crti.o
 .ident         0x00000000000000e5      0x728 /home/devbox/qnx710/target/qnx7/armle-v7/usr/lib/libdrvr.a(hwi_find_bus.o)
                                        0x993 (size before relaxing)
 .ident         0x000000000000080d       0x5f /home/devbox/qnx710/target/qnx7/armle-v7/usr/lib/libdrvr.a(hwi_find.o)
                                        0x70c (size before relaxing)
 .ident         0x000000000000086c       0x72 /home/devbox/qnx710/target/qnx7/armle-v7/lib/crtn.o

.ARM.attributes
                0x0000000000000000       0x2f
 .ARM.attributes
                0x0000000000000000       0x1f /home/devbox/qnx710/target/qnx7/armle-v7/lib/crt1S.o
 .ARM.attributes
                0x000000000000001f       0x1f /home/devbox/qnx710/target/qnx7/armle-v7/lib/crti.o
 .ARM.attributes
                0x000000000000003e       0x33 /home/devbox/qnx710/host/linux/x86_64/usr/lib/gcc/arm-unknown-nto-qnx7.1.0eabi/8.3.0/pic//crtbegin.o
 .ARM.attributes
                0x0000000000000071       0x33 base.o
 .ARM.attributes
                0x00000000000000a4       0x33 bs.o
 .ARM.attributes
                0x00000000000000d7       0x33 card.o
 .ARM.attributes
                0x000000000000010a       0x33 dwmshc.o
 .ARM.attributes
                0x000000000000013d       0x33 imx6.o
 .ARM.attributes
                0x0000000000000170       0x33 mmc.o
 .ARM.attributes
                0x00000000000001a3       0x33 omap.o
 .ARM.attributes
                0x00000000000001d6       0x33 pci.o
 .ARM.attributes
                0x0000000000000209       0x33 rcar_gen3.o
 .ARM.attributes
                0x000000000000023c       0x33 sd.o
 .ARM.attributes
                0x000000000000026f       0x33 sdhci.o
 .ARM.attributes
                0x00000000000002a2       0x33 sdhci_pci.o
 .ARM.attributes
                0x00000000000002d5       0x33 sim_assd.o
 .ARM.attributes
                0x0000000000000308       0x33 sim_bs.o
 .ARM.attributes
                0x000000000000033b       0x33 sim_sdmmc.o
 .ARM.attributes
                0x000000000000036e       0x33 soc.o
 .ARM.attributes
                0x00000000000003a1       0x33 /home/devbox/qnx710/target/qnx7/armle-v7/usr/lib/libdrvr.a(hwi_find_bus.o)
 .ARM.attributes
                0x00000000000003d4       0x33 /home/devbox/qnx710/target/qnx7/armle-v7/usr/lib/libdrvr.a(hwi_find.o)
 .ARM.attributes
                0x0000000000000407       0x33 /home/devbox/qnx710/host/linux/x86_64/usr/lib/gcc/arm-unknown-nto-qnx7.1.0eabi/8.3.0/pic//crtend.o
 .ARM.attributes
                0x000000000000043a       0x1f /home/devbox/qnx710/target/qnx7/armle-v7/lib/crtn.o

.GCC.command.line
                0x0000000000000000      0x43b
 .GCC.command.line
                0x0000000000000000      0x401 /home/devbox/qnx710/target/qnx7/armle-v7/usr/lib/libdrvr.a(hwi_find_bus.o)
                                        0x46d (size before relaxing)
 .GCC.command.line
                0x0000000000000401       0x3a /home/devbox/qnx710/target/qnx7/armle-v7/usr/lib/libdrvr.a(hwi_find.o)
                                        0x469 (size before relaxing)

.gnu.build.attributes
 *(.gnu.build.attributes .gnu.build.attributes.*)

.debug
 *(.debug)

.line
 *(.line)

.debug_srcinfo
 *(.debug_srcinfo)

.debug_sfnames
 *(.debug_sfnames)

.debug_aranges  0x0000000000000000       0x60
 *(.debug_aranges)
 .debug_aranges
                0x0000000000000000       0x20 /home/devbox/qnx710/target/qnx7/armle-v7/lib/crt1S.o
 .debug_aranges
                0x0000000000000020       0x20 /home/devbox/qnx710/target/qnx7/armle-v7/usr/lib/libdrvr.a(hwi_find_bus.o)
 .debug_aranges
                0x0000000000000040       0x20 /home/devbox/qnx710/target/qnx7/armle-v7/usr/lib/libdrvr.a(hwi_find.o)

.debug_pubnames
 *(.debug_pubnames)

.debug_info     0x0000000000000000     0x129a
 *(.debug_info .gnu.linkonce.wi.*)
 .debug_info    0x0000000000000000       0x26 /home/devbox/qnx710/target/qnx7/armle-v7/lib/crt1S.o
 .debug_info    0x0000000000000026      0x8dc /home/devbox/qnx710/target/qnx7/armle-v7/usr/lib/libdrvr.a(hwi_find_bus.o)
 .debug_info    0x0000000000000902      0x998 /home/devbox/qnx710/target/qnx7/armle-v7/usr/lib/libdrvr.a(hwi_find.o)

.debug_abbrev   0x0000000000000000      0x402
 *(.debug_abbrev)
 .debug_abbrev  0x0000000000000000       0x14 /home/devbox/qnx710/target/qnx7/armle-v7/lib/crt1S.o
 .debug_abbrev  0x0000000000000014      0x1b7 /home/devbox/qnx710/target/qnx7/armle-v7/usr/lib/libdrvr.a(hwi_find_bus.o)
 .debug_abbrev  0x00000000000001cb      0x237 /home/devbox/qnx710/target/qnx7/armle-v7/usr/lib/libdrvr.a(hwi_find.o)

.debug_line     0x0000000000000000      0x477
 *(.debug_line .debug_line.* .debug_line_end)
 .debug_line    0x0000000000000000       0x9c /home/devbox/qnx710/target/qnx7/armle-v7/lib/crt1S.o
 .debug_line    0x000000000000009c      0x1e2 /home/devbox/qnx710/target/qnx7/armle-v7/usr/lib/libdrvr.a(hwi_find_bus.o)
 .debug_line    0x000000000000027e      0x1f9 /home/devbox/qnx710/target/qnx7/armle-v7/usr/lib/libdrvr.a(hwi_find.o)

.debug_frame    0x0000000000000000       0x5c
 *(.debug_frame)
 .debug_frame   0x0000000000000000       0x28 /home/devbox/qnx710/target/qnx7/armle-v7/usr/lib/libdrvr.a(hwi_find_bus.o)
 .debug_frame   0x0000000000000028       0x34 /home/devbox/qnx710/target/qnx7/armle-v7/usr/lib/libdrvr.a(hwi_find.o)

.debug_str      0x0000000000000000      0x5e2
 *(.debug_str)
 .debug_str     0x0000000000000000       0x94 /home/devbox/qnx710/target/qnx7/armle-v7/lib/crt1S.o
 .debug_str     0x0000000000000094      0x4de /home/devbox/qnx710/target/qnx7/armle-v7/usr/lib/libdrvr.a(hwi_find_bus.o)
                                        0x5d8 (size before relaxing)
 .debug_str     0x0000000000000572       0x70 /home/devbox/qnx710/target/qnx7/armle-v7/usr/lib/libdrvr.a(hwi_find.o)
                                        0x5fd (size before relaxing)

.debug_loc      0x0000000000000000      0x2a7
 *(.debug_loc)
 .debug_loc     0x0000000000000000       0x91 /home/devbox/qnx710/target/qnx7/armle-v7/usr/lib/libdrvr.a(hwi_find_bus.o)
 .debug_loc     0x0000000000000091      0x216 /home/devbox/qnx710/target/qnx7/armle-v7/usr/lib/libdrvr.a(hwi_find.o)

.debug_macinfo
 *(.debug_macinfo)

.debug_weaknames
 *(.debug_weaknames)

.debug_funcnames
 *(.debug_funcnames)

.debug_typenames
 *(.debug_typenames)

.debug_varnames
 *(.debug_varnames)

.debug_pubtypes
 *(.debug_pubtypes)

.debug_ranges   0x0000000000000000       0x48
 *(.debug_ranges)
 .debug_ranges  0x0000000000000000       0x48 /home/devbox/qnx710/target/qnx7/armle-v7/usr/lib/libdrvr.a(hwi_find.o)

.debug_macro
 *(.debug_macro)

.debug_addr
 *(.debug_addr)

.gnu.attributes
 *(.gnu.attributes)

/DISCARD/
 *(.note.GNU-stack)
 *(.gnu_debuglink)
 *(.gnu.lto_*)
OUTPUT(/home/devbox/ide-7.1-workspace/ti-am335x-beaglebone/src/hardware/devb/sdmmc/arm/j5_generic.le.v7/devb-sdmmc-j5_generic elf32-littlearm)
