Archive member included to satisfy reference by file (symbol)

/home/devbox/ide-7.1-workspace/ti-am335x-beaglebone/src/hardware/startup/lib/arm/a.le.v7/libstartup.a(_main.o)
                              main.o (shdr)
/home/devbox/ide-7.1-workspace/ti-am335x-beaglebone/src/hardware/startup/lib/arm/a.le.v7/libstartup.a(_start.o)
                              (_start)
/home/devbox/ide-7.1-workspace/ti-am335x-beaglebone/src/hardware/startup/lib/arm/a.le.v7/libstartup.a(add_interrupt.o)
                              init_intrinfo.o (add_interrupt_array)
/home/devbox/ide-7.1-workspace/ti-am335x-beaglebone/src/hardware/startup/lib/arm/a.le.v7/libstartup.a(alloc_qtime.o)
                              init_qtime_am335x.o (alloc_qtime)
/home/devbox/ide-7.1-workspace/ti-am335x-beaglebone/src/hardware/startup/lib/arm/a.le.v7/libstartup.a(board_init.o)
                              /home/devbox/ide-7.1-workspace/ti-am335x-beaglebone/src/hardware/startup/lib/arm/a.le.v7/libstartup.a(_main.o) (board_init)
/home/devbox/ide-7.1-workspace/ti-am335x-beaglebone/src/hardware/startup/lib/arm/a.le.v7/libstartup.a(callout_debug_8250.o)
                              main.o (display_char_8250)
/home/devbox/ide-7.1-workspace/ti-am335x-beaglebone/src/hardware/startup/lib/arm/a.le.v7/libstartup.a(callout_interrupt_dm814x_edma.o)
                              init_intrinfo.o (interrupt_id_dm814x_edma)
/home/devbox/ide-7.1-workspace/ti-am335x-beaglebone/src/hardware/startup/lib/arm/a.le.v7/libstartup.a(callout_interrupt_dm814x_gpio.o)
                              init_intrinfo.o (interrupt_id_dm814x_gpio)
/home/devbox/ide-7.1-workspace/ti-am335x-beaglebone/src/hardware/startup/lib/arm/a.le.v7/libstartup.a(callout_interrupt_dm816x.o)
                              init_intrinfo.o (interrupt_id_dm816x)
/home/devbox/ide-7.1-workspace/ti-am335x-beaglebone/src/hardware/startup/lib/arm/a.le.v7/libstartup.a(callout_io_map_indirect.o)
                              callout_reboot_am335x.o (callout_io_map_indirect)
/home/devbox/ide-7.1-workspace/ti-am335x-beaglebone/src/hardware/startup/lib/arm/a.le.v7/libstartup.a(callouts.o)
                              /home/devbox/ide-7.1-workspace/ti-am335x-beaglebone/src/hardware/startup/lib/arm/a.le.v7/libstartup.a(add_interrupt.o) (callout_output_one)
/home/devbox/ide-7.1-workspace/ti-am335x-beaglebone/src/hardware/startup/lib/arm/a.le.v7/libstartup.a(common_options.o)
                              main.o (handle_common_option)
/home/devbox/ide-7.1-workspace/ti-am335x-beaglebone/src/hardware/startup/lib/arm/a.le.v7/libstartup.a(cpu_common_options.o)
                              /home/devbox/ide-7.1-workspace/ti-am335x-beaglebone/src/hardware/startup/lib/arm/a.le.v7/libstartup.a(common_options.o) (cpu_handle_common_option)
/home/devbox/ide-7.1-workspace/ti-am335x-beaglebone/src/hardware/startup/lib/arm/a.le.v7/libstartup.a(cpu_startup.o)
                              /home/devbox/ide-7.1-workspace/ti-am335x-beaglebone/src/hardware/startup/lib/arm/a.le.v7/libstartup.a(_main.o) (cpu_startup)
/home/devbox/ide-7.1-workspace/ti-am335x-beaglebone/src/hardware/startup/lib/arm/a.le.v7/libstartup.a(cstart.o)
                              /home/devbox/ide-7.1-workspace/ti-am335x-beaglebone/src/hardware/startup/lib/arm/a.le.v7/libstartup.a(_main.o) (stack_addr_lo)
/home/devbox/ide-7.1-workspace/ti-am335x-beaglebone/src/hardware/startup/lib/arm/a.le.v7/libstartup.a(debug.o)
                              main.o (print_syspage)
/home/devbox/ide-7.1-workspace/ti-am335x-beaglebone/src/hardware/startup/lib/arm/a.le.v7/libstartup.a(getopt.o)
                              main.o (getopt)
/home/devbox/ide-7.1-workspace/ti-am335x-beaglebone/src/hardware/startup/lib/arm/a.le.v7/libstartup.a(getsize.o)
                              /home/devbox/ide-7.1-workspace/ti-am335x-beaglebone/src/hardware/startup/lib/arm/a.le.v7/libstartup.a(common_options.o) (getsize)
/home/devbox/ide-7.1-workspace/ti-am335x-beaglebone/src/hardware/startup/lib/arm/a.le.v7/libstartup.a(hw_rtc_dm816x.o)
                              rtc_time.o (rtc_time_dm816x)
/home/devbox/ide-7.1-workspace/ti-am335x-beaglebone/src/hardware/startup/lib/arm/a.le.v7/libstartup.a(hw_seromap.o)
                              main.o (init_omap)
/home/devbox/ide-7.1-workspace/ti-am335x-beaglebone/src/hardware/startup/lib/arm/a.le.v7/libstartup.a(hwi_add_nanospin.o)
                              /home/devbox/ide-7.1-workspace/ti-am335x-beaglebone/src/hardware/startup/lib/arm/a.le.v7/libstartup.a(common_options.o) (hwi_add_nanospin)
/home/devbox/ide-7.1-workspace/ti-am335x-beaglebone/src/hardware/startup/lib/arm/a.le.v7/libstartup.a(hwi_add_rtc.o)
                              /home/devbox/ide-7.1-workspace/ti-am335x-beaglebone/src/hardware/startup/lib/arm/a.le.v7/libstartup.a(hw_rtc_dm816x.o) (hwi_add_rtc)
/home/devbox/ide-7.1-workspace/ti-am335x-beaglebone/src/hardware/startup/lib/arm/a.le.v7/libstartup.a(hwi_alloc.o)
[...]
Memory Configuration

Name             Origin             Length             Attributes
*default*        0x0000000000000000 0xffffffffffffffff

Linker script and memory map

LOAD callout_reboot_am335x.o
LOAD callout_timer_am335x.o
LOAD detectid-bone.o
LOAD init_asinfo.o
LOAD init_clocks.o
LOAD init_edma.o
LOAD init_hwinfo.o
LOAD init_intrinfo.o
LOAD init_pinmux.o
LOAD init_qtime_am335x.o
LOAD init_raminfo.o
LOAD init_wdt.o
LOAD main.o
LOAD rtc_time.o
LOAD /home/devbox/ide-7.1-workspace/ti-am335x-beaglebone/src/hardware/startup/lib/arm/a.le.v7/libstartup.a
LOAD /home/devbox/qnx710/target/qnx7/armle-v7/usr/lib/liblzo2.a
LOAD /home/devbox/qnx710/target/qnx7/armle-v7/usr/lib/libucl.a
LOAD /home/devbox/qnx710/target/qnx7/armle-v7/usr/lib/libdrvr.a
LOAD /home/devbox/qnx710/target/qnx7/armle-v7/lib/libc.a
LOAD /home/devbox/qnx710/target/qnx7/armle-v7/lib/libcS.a
LOAD /home/devbox/qnx710/host/linux/x86_64/usr/lib/gcc/arm-unknown-nto-qnx7.1.0eabi/8.3.0/libgcc.a

.interp
 *(.interp)

.note.gnu.build-id
 *(.note.gnu.build-id)

.hash
 *(.hash)

.gnu.hash
 *(.gnu.hash)

.dynsym
 *(.dynsym)

.dynstr
 *(.dynstr)

.gnu.version
 *(.gnu.version)

.gnu.version_d
 *(.gnu.version_d)

.gnu.version_r
 *(.gnu.version_r)

.rel.init
 *(.rel.init)

.rela.init
 *(.rela.init)

.rel.text
 *(.rel.text)

.rela.text
 *(.rela.text)

.rel.fini
 *(.rel.fini)

.rela.fini
 *(.rela.fini)

.rel.rodata
 *(.rel.rodata)

.rela.rodata
 *(.rela.rodata)

.rel.data.rel.ro
 *(.rel.data.rel.ro)

.rela.data.rel.ro
 *(.rela.data.rel.ro)

.rel.data
 *(.rel.data)

.rela.data
 *(.rela.data)

.rel.tdata
 *(.rel.tdata)

.rela.tdata
 *(.rela.tdata)

.rel.tbss
 *(.rel.tbss)

.rela.tbss
 *(.rela.tbss)

.rel.ctors
 *(.rel.ctors)

.rela.ctors
 *(.rela.ctors)

.rel.dtors
 *(.rel.dtors)

.rela.dtors
 *(.rela.dtors)

.rel.got
 *(.rel.got)

.rela.got
 *(.rela.got)

.rel.bss
 *(.rel.bss)

.rela.bss
 *(.rela.bss)

.rel.iplt
 *(.rel.iplt)

.rela.iplt
 *(.rela.iplt)

.rel.plt
 *(.rel.plt)

.rela.plt
 *(.rela.plt)

.init
 *(SORT_NONE(.init))

.plt
 *(.plt)

.iplt
 *(.iplt)

.text           0x0000000000000000     0xe198
 *(.text .stub)
 .text          0x0000000000000000       0x70 callout_reboot_am335x.o
                0x0000000000000048                reboot_am335x
 .text          0x0000000000000070      0x100 callout_timer_am335x.o
                0x00000000000000cc                timer_load_am335x
                0x000000000000011c                timer_value_am335x
                0x0000000000000148                timer_reload_am335x
 .text          0x0000000000000170      0x37c detectid-bone.o
                0x0000000000000170                bdid_read
                0x0000000000000218                iddump
                0x000000000000024c                dump
                0x00000000000002b0                get_boardid_i2c
                0x000000000000042c                detect_frequency_using_power
 .text          0x00000000000004ec        0x4 init_asinfo.o
                0x00000000000004ec                init_asinfo
 .text          0x00000000000004f0     0x118c init_clocks.o
                0x00000000000004f0                Print_PLL_Config
                0x00000000000005f0                Print_Core_PLL_Config
                0x000000000000076c                display_PLLs
                0x0000000000000860                Peripheral_PLL_Config
                0x00000000000008d0                CORE_PLL_Config
                0x0000000000000a44                Display_PLL_Config
                0x0000000000000b5c                DDR_PLL_Config
                0x0000000000000c74                init_clocks
                0x0000000000000eb4                display_clocks
 .text          0x000000000000167c       0x68 init_edma.o
                0x000000000000167c                init_edma
 .text          0x00000000000016e4       0xf4 init_hwinfo.o
                0x00000000000016e4                usb_delay
                0x0000000000001710                phy_on
                0x0000000000001734                init_hwinfo
 .text          0x00000000000017d8       0x9c init_intrinfo.o
                0x00000000000017d8                init_intrinfo
 .text          0x0000000000001874      0x4d8 init_pinmux.o
                0x0000000000001874                init_pinmux
                0x0000000000001928                init_pinmux_capes
 *fill*         0x0000000000001d4c        0x4 
 .text          0x0000000000001d50      0x114 init_qtime_am335x.o
                0x0000000000001d90                init_qtime_am335x
 .text          0x0000000000001e64       0x64 init_raminfo.o
                0x0000000000001e64                init_raminfo_beaglebone
 .text          0x0000000000001ec8      0x144 init_wdt.o
                0x0000000000001ec8                wait_for_wdt_write_complete
                0x0000000000001ee0                wdt_disable
                0x0000000000001f20                wdt_enable
 .text          0x000000000000200c        0x0 main.o
 *fill*         0x000000000000200c        0x4 
 .text          0x0000000000002010       0x38 rtc_time.o
                0x0000000000002010                rtc_time
 .text          0x0000000000002048      0x1a4 /home/devbox/ide-7.1-workspace/ti-am335x-beaglebone/src/hardware/startup/lib/arm/a.le.v7/libstartup.a(_main.o)
                0x000000000000204c                _main
                0x00000000000021c8                __get_errno_ptr
                0x00000000000021d4                __stackavail
 .text          0x00000000000021ec        0x4 /home/devbox/ide-7.1-workspace/ti-am335x-beaglebone/src/hardware/startup/lib/arm/a.le.v7/libstartup.a(_start.o)
                0x00000000000021ec                _start
 .text          0x00000000000021f0      0x1fc /home/devbox/ide-7.1-workspace/ti-am335x-beaglebone/src/hardware/startup/lib/arm/a.le.v7/libstartup.a(add_interrupt.o)
                0x0000000000002278                add_interrupt
                0x000000000000238c                add_interrupt_array
 .text          0x00000000000023ec       0x88 /home/devbox/ide-7.1-workspace/ti-am335x-beaglebone/src/hardware/startup/lib/arm/a.le.v7/libstartup.a(alloc_qtime.o)
                0x00000000000023ec                alloc_qtime
 .text          0x0000000000002474        0x4 /home/devbox/ide-7.1-workspace/ti-am335x-beaglebone/src/hardware/startup/lib/arm/a.le.v7/libstartup.a(board_init.o)
                0x0000000000002474                board_init
 .text          0x0000000000002478      0x158 /home/devbox/ide-7.1-workspace/ti-am335x-beaglebone/src/hardware/startup/lib/arm/a.le.v7/libstartup.a(callout_debug_8250.o)
                0x00000000000024f4                display_char_8250
                0x0000000000002544                poll_key_8250
                0x0000000000002588                break_detect_8250
 .text          0x00000000000025d0      0x16c /home/devbox/ide-7.1-workspace/ti-am335x-beaglebone/src/hardware/startup/lib/arm/a.le.v7/libstartup.a(callout_interrupt_dm814x_edma.o)
                0x0000000000002620                interrupt_id_dm814x_edma
                0x0000000000002680                interrupt_eoi_dm814x_edma
                0x00000000000026c4                interrupt_mask_dm814x_edma
                0x0000000000002700                interrupt_unmask_dm814x_edma
 *fill*         0x000000000000273c        0x4 
 .text          0x0000000000002740      0x148 /home/devbox/ide-7.1-workspace/ti-am335x-beaglebone/src/hardware/startup/lib/arm/a.le.v7/libstartup.a(callout_interrupt_dm814x_gpio.o)
                0x00000000000027b4                interrupt_id_dm814x_gpio
                0x00000000000027f0                interrupt_eoi_dm814x_gpio
                0x0000000000002828                interrupt_mask_dm814x_gpio
                0x0000000000002858                interrupt_unmask_dm814x_gpio
 .text          0x0000000000002888      0x154 /home/devbox/ide-7.1-workspace/ti-am335x-beaglebone/src/hardware/startup/lib/arm/a.le.v7/libstartup.a(callout_interrupt_dm816x.o)
                0x00000000000028d8                interrupt_id_dm816x
                0x0000000000002928                interrupt_eoi_dm816x
                0x0000000000002964                interrupt_mask_dm816x
                0x00000000000029a0                interrupt_unmask_dm816x
 .text          0x00000000000029dc        0x8 /home/devbox/ide-7.1-workspace/ti-am335x-beaglebone/src/hardware/startup/lib/arm/a.le.v7/libstartup.a(callout_io_map_indirect.o)
                0x00000000000029dc                callout_io_map_indirect
 .text          0x00000000000029e4      0x448 /home/devbox/ide-7.1-workspace/ti-am335x-beaglebone/src/hardware/startup/lib/arm/a.le.v7/libstartup.a(callouts.o)
                0x0000000000002a58                output_callouts
                0x0000000000002ab0                callout_output_one
                0x0000000000002cd8                callout_register_data
                0x0000000000002d54                callout_reloc_data
                0x0000000000002d94                add_callout
                0x0000000000002e00                add_callout_array
 .text          0x0000000000002e2c      0x754 /home/devbox/ide-7.1-workspace/ti-am335x-beaglebone/src/hardware/startup/lib/arm/a.le.v7/libstartup.a(common_options.o)
                0x0000000000002f7c                handle_common_option
                0x00000000000033a4                set_debug
                0x0000000000003544                select_debug
 .text          0x0000000000003580       0x7c /home/devbox/ide-7.1-workspace/ti-am335x-beaglebone/src/hardware/startup/lib/arm/a.le.v7/libstartup.a(cpu_common_options.o)
                0x0000000000003580                cpu_handle_common_option
 .text          0x00000000000035fc       0x24 /home/devbox/ide-7.1-workspace/ti-am335x-beaglebone/src/hardware/startup/lib/arm/a.le.v7/libstartup.a(cpu_startup.o)
                0x00000000000035fc                cpu_startup
 .text          0x0000000000003620       0xc8 /home/devbox/ide-7.1-workspace/ti-am335x-beaglebone/src/hardware/startup/lib/arm/a.le.v7/libstartup.a(cstart.o)
                0x0000000000003620                cstart
                0x000000000000363c                boot_verify_load_addr
                0x0000000000003650                boot_switch_to_svc
                0x0000000000003668                boot_switch_to_phys
                0x00000000000036b0                boot_switch_to_stack
                0x00000000000036b8                boot_save_parameters
 .text          0x00000000000036e8       0x80 /home/devbox/ide-7.1-workspace/ti-am335x-beaglebone/src/hardware/startup/lib/arm/a.le.v7/libstartup.a(debug.o)
                0x00000000000036e8                print_syspage
 .text          0x0000000000003768      0x15c /home/devbox/ide-7.1-workspace/ti-am335x-beaglebone/src/hardware/startup/lib/arm/a.le.v7/libstartup.a(getopt.o)
                0x0000000000003768                getopt
 .text          0x00000000000038c4       0xfc /home/devbox/ide-7.1-workspace/ti-am335x-beaglebone/src/hardware/startup/lib/arm/a.le.v7/libstartup.a(getsize.o)
                0x00000000000038c4                getsize
 .text          0x00000000000039c0      0x144 /home/devbox/ide-7.1-workspace/ti-am335x-beaglebone/src/hardware/startup/lib/arm/a.le.v7/libstartup.a(hw_rtc_dm816x.o)
                0x00000000000039c0                rtc_time_dm816x
 .text          0x0000000000003b04      0x3ec /home/devbox/ide-7.1-workspace/ti-am335x-beaglebone/src/hardware/startup/lib/arm/a.le.v7/libstartup.a(hw_seromap.o)
                0x0000000000003cb0                init_omap
                0x0000000000003e90                put_omap
 .text          0x0000000000003ef0       0x4c /home/devbox/ide-7.1-workspace/ti-am335x-beaglebone/src/hardware/startup/lib/arm/a.le.v7/libstartup.a(hwi_add_nanospin.o)
                0x0000000000003ef0                hwi_add_nanospin
 .text          0x0000000000003f3c       0x94 /home/devbox/ide-7.1-workspace/ti-am335x-beaglebone/src/hardware/startup/lib/arm/a.le.v7/libstartup.a(hwi_add_rtc.o)
                0x0000000000003f3c                hwi_add_rtc
 .text          0x0000000000003fd0      0x1b4 /home/devbox/ide-7.1-workspace/ti-am335x-beaglebone/src/hardware/startup/lib/arm/a.le.v7/libstartup.a(hwi_alloc.o)
                0x0000000000003fd0                __hwi_find_string
                0x0000000000003fe4                __hwi_base
                0x0000000000003ff4                hwi_alloc_tag
                0x0000000000004090                hwi_alloc_item
                0x0000000000004134                hwi_grow_tag
 .text          0x0000000000004184       0x54 /home/devbox/ide-7.1-workspace/ti-am335x-beaglebone/src/hardware/startup/lib/arm/a.le.v7/libstartup.a(hwi_find_as.o)
                0x0000000000004184                hwi_find_as
 .text          0x00000000000041d8        0x4 /home/devbox/ide-7.1-workspace/ti-am335x-beaglebone/src/hardware/startup/lib/arm/a.le.v7/libstartup.a(init_cacheattr.o)
                0x00000000000041d8                init_cacheattr
 .text          0x00000000000041dc      0x710 /home/devbox/ide-7.1-workspace/ti-am335x-beaglebone/src/hardware/startup/lib/arm/a.le.v7/libstartup.a(init_cpuinfo.o)
                0x00000000000041dc                init_one_cpuinfo
                0x0000000000004758                init_cpuinfo
 .text          0x00000000000048ec       0x1c /home/devbox/ide-7.1-workspace/ti-am335x-beaglebone/src/hardware/startup/lib/arm/a.le.v7/libstartup.a(init_mmu.o)
                0x00000000000048ec                init_mmu
 .text          0x0000000000004908      0x900 /home/devbox/ide-7.1-workspace/ti-am335x-beaglebone/src/hardware/startup/lib/arm/a.le.v7/libstartup.a(init_system_private.o)
                0x0000000000004938                init_system_private
 .text          0x0000000000005208      0x104 /home/devbox/ide-7.1-workspace/ti-am335x-beaglebone/src/hardware/startup/lib/arm/a.le.v7/libstartup.a(jtag.o)
                0x0000000000005208                jtag_reserve_memory
                0x0000000000005280                jtag_reserve_syspage_addr
                0x00000000000052b0                jtag_store_syspage_addr
 .text          0x000000000000530c      0x4d4 /home/devbox/ide-7.1-workspace/ti-am335x-beaglebone/src/hardware/startup/lib/arm/a.le.v7/libstartup.a(kprintf.o)
                0x00000000000056b0                kprintf
                0x0000000000005704                ksprintf
                0x000000000000578c                crash
                0x00000000000057c0                set_print_char
                0x00000000000057d0                get_print_char
 .text          0x00000000000057e0      0x160 /home/devbox/ide-7.1-workspace/ti-am335x-beaglebone/src/hardware/startup/lib/arm/a.le.v7/libstartup.a(load_ifs.o)
                0x00000000000057e0                load_ifs
 .text          0x0000000000005940       0x34 /home/devbox/ide-7.1-workspace/ti-am335x-beaglebone/src/hardware/startup/lib/arm/a.le.v7/libstartup.a(map_callout_io.o)
                0x0000000000005940                callout_io_map
 .text          0x0000000000005974        0xc /home/devbox/ide-7.1-workspace/ti-am335x-beaglebone/src/hardware/startup/lib/arm/a.le.v7/libstartup.a(map_startup_io.o)
                0x0000000000005974                startup_io_map
                0x000000000000597c                startup_io_unmap
 .text          0x0000000000005980       0x30 /home/devbox/ide-7.1-workspace/ti-am335x-beaglebone/src/hardware/startup/lib/arm/a.le.v7/libstartup.a(map_startup_mem.o)
                0x0000000000005980                startup_memory_map
                0x00000000000059ac                startup_memory_unmap
 .text          0x00000000000059b0      0x114 /home/devbox/ide-7.1-workspace/ti-am335x-beaglebone/src/hardware/startup/lib/arm/a.le.v7/libstartup.a(memfuncs.o)
                0x00000000000059b0                copy_memory
 .text          0x0000000000005ac4       0x50 /home/devbox/ide-7.1-workspace/ti-am335x-beaglebone/src/hardware/startup/lib/arm/a.le.v7/libstartup.a(memmove.o)
                0x0000000000005ac4                memmove
 .text          0x0000000000005b14      0xbfc /home/devbox/ide-7.1-workspace/ti-am335x-beaglebone/src/hardware/startup/lib/arm/a.le.v7/libstartup.a(mmu_lpae.o)
                0x00000000000064e0                init_mmu_lpae
 .text          0x0000000000006710      0x99c /home/devbox/ide-7.1-workspace/ti-am335x-beaglebone/src/hardware/startup/lib/arm/a.le.v7/libstartup.a(mmu_v7.o)
                0x0000000000006e58                init_mmu_v7
 .text          0x00000000000070ac      0x520 /home/devbox/ide-7.1-workspace/ti-am335x-beaglebone/src/hardware/startup/lib/arm/a.le.v7/libstartup.a(omap_i2c.o)
                0x00000000000070ac                omap_i2c_set_debug
                0x00000000000070bc                omap_i2c_deinit
                0x00000000000070d4                omap_i2c_init
                0x00000000000072a4                omap_i2c_read
                0x00000000000074f8                omap_i2c_write
 .text          0x00000000000075cc      0xb50 /home/devbox/ide-7.1-workspace/ti-am335x-beaglebone/src/hardware/startup/lib/arm/a.le.v7/libstartup.a(print_sysp.o)
                0x00000000000075cc                print_system_private
                0x0000000000007654                print_qtime
                0x00000000000076dc                print_callout
                0x0000000000007764                print_intrinfo
                0x0000000000007864                print_smp
                0x00000000000078a4                print_pminfo
                0x00000000000078cc                print_mdriver
                0x0000000000007a40                print_typed_strings
                0x0000000000007aa8                print_strings
                0x0000000000007b98                print_hwinfo
                0x0000000000007cc0                print_asinfo
                0x0000000000007d9c                print_cpuinfo
                0x0000000000007e30                print_cacheattr
                0x0000000000007ec4                print_meminfo
                0x0000000000007f54                print_syspage_enable
                0x0000000000007fcc                print_syspage_sections
 .text          0x000000000000811c     0x105c /home/devbox/ide-7.1-workspace/ti-am335x-beaglebone/src/hardware/startup/lib/arm/a.le.v7/libstartup.a(ram.o)
                0x00000000000082a8                find_top_ram_aligned
                0x00000000000084d0                find_top_ram
                0x00000000000084e8                find_ram_in_range
                0x0000000000008780                find_ram
                0x00000000000087c0                alloc_ram
                0x0000000000008bcc                calloc_ram
                0x0000000000008c44                add_sysram
                0x0000000000008cf0                ws_alloc
                0x0000000000008e44                avoid_ram
                0x0000000000008ec0                add_ram
                0x0000000000009084                watch_add_ram
                0x00000000000090c4                reserve_ram
 .text          0x0000000000009178      0xec8 /home/devbox/ide-7.1-workspace/ti-am335x-beaglebone/src/hardware/startup/lib/arm/a.le.v7/libstartup.a(restore_ifs.o)
                0x0000000000009250                rifs_restore_ifs2
                0x000000000000949c                rifs_load_ifs2
                0x000000000000966c                load_ifs2_nonbootable
                0x00000000000096f8                rifs_restore_ifs
                0x0000000000009dbc                rifs_save_elf32data
                0x0000000000009f98                rifs_set_cksum
 .text          0x000000000000a040        0x8 /home/devbox/ide-7.1-workspace/ti-am335x-beaglebone/src/hardware/startup/lib/arm/a.le.v7/libstartup.a(ssp.o)
                0x000000000000a040                __stack_chk_fail
                0x000000000000a044                __stack_chk_fail_local
 .text          0x000000000000a048       0x9c /home/devbox/ide-7.1-workspace/ti-am335x-beaglebone/src/hardware/startup/lib/arm/a.le.v7/libstartup.a(startnext.o)
                0x000000000000a048                startnext
 .text          0x000000000000a0e4       0x5c /home/devbox/ide-7.1-workspace/ti-am335x-beaglebone/src/hardware/startup/lib/arm/a.le.v7/libstartup.a(startup_info.o)
                0x000000000000a0e4                find_startup_info
 .text          0x000000000000a140      0x260 /home/devbox/ide-7.1-workspace/ti-am335x-beaglebone/src/hardware/startup/lib/arm/a.le.v7/libstartup.a(strings.o)
                0x000000000000a140                find_typed_string
                0x000000000000a1b4                del_typed_string
                0x000000000000a268                add_typed_string
                0x000000000000a2e4                add_string
 .text          0x000000000000a3a0      0x11c /home/devbox/ide-7.1-workspace/ti-am335x-beaglebone/src/hardware/startup/lib/arm/a.le.v7/libstartup.a(strtoul.o)
                0x000000000000a3a0                strtopaddr
                0x000000000000a4b0                strtoul
 .text          0x000000000000a4bc      0x6b4 /home/devbox/ide-7.1-workspace/ti-am335x-beaglebone/src/hardware/startup/lib/arm/a.le.v7/libstartup.a(syspage_memory.o)
                0x000000000000a4bc                grow_syspage_section
                0x000000000000a5a8                set_syspage_section
                0x000000000000a5e4                init_syspage_memory
                0x000000000000a6ec                reloc_syspage_memory
                0x000000000000a74c                alloc_syspage_memory
                0x000000000000ab24                write_syspage_memory
 .text          0x000000000000ab70        0x4 /home/devbox/ide-7.1-workspace/ti-am335x-beaglebone/src/hardware/startup/lib/arm/a.le.v7/libstartup.a(tweak_cmdline.o)
                0x000000000000ab70                tweak_cmdline
 .text          0x000000000000ab74       0x9c /home/devbox/ide-7.1-workspace/ti-am335x-beaglebone/src/hardware/startup/lib/arm/a.le.v7/libstartup.a(uncompress.o)
                0x000000000000ab74                uncompress
 .text          0x000000000000ac10       0x9c /home/devbox/ide-7.1-workspace/ti-am335x-beaglebone/src/hardware/startup/lib/arm/a.le.v7/libstartup.a(uncompress_ucl.o)
                0x000000000000ac10                uncompress_ucl
 *fill*         0x000000000000acac       0x14 
 .text          0x000000000000acc0       0xb4 /home/devbox/ide-7.1-workspace/ti-am335x-beaglebone/src/hardware/startup/lib/arm/a.le.v7/libstartup.a(vstart_lpae.o)
                0x000000000000acc0                vstart_lpae
 *fill*         0x000000000000ad74        0xc 
 .text          0x000000000000ad80       0xac /home/devbox/ide-7.1-workspace/ti-am335x-beaglebone/src/hardware/startup/lib/arm/a.le.v7/libstartup.a(vstart_v7.o)
                0x000000000000ad80                vstart_v7
 .text          0x000000000000ae2c      0x18c /home/devbox/ide-7.1-workspace/ti-am335x-beaglebone/src/hardware/startup/lib/arm/a.le.v7/libstartup.a(add_cache.o)
                0x000000000000ae80                add_cache_ways
                0x000000000000af94                add_cache
 .text          0x000000000000afb8       0x8c /home/devbox/ide-7.1-workspace/ti-am335x-beaglebone/src/hardware/startup/lib/arm/a.le.v7/libstartup.a(arm_add_clock_cycles.o)
                0x000000000000afe0                arm_add_clock_cycles
 .text          0x000000000000b044      0x130 /home/devbox/ide-7.1-workspace/ti-am335x-beaglebone/src/hardware/startup/lib/arm/a.le.v7/libstartup.a(arm_cpuspeed.o)
                0x000000000000b044                arm_cpuspeed
 .text          0x000000000000b174      0x150 /home/devbox/ide-7.1-workspace/ti-am335x-beaglebone/src/hardware/startup/lib/arm/a.le.v7/libstartup.a(arm_gic.o)
                0x000000000000b174                arm_gic_cpu_init
                0x000000000000b1dc                arm_gic_init
                0x000000000000b2a4                arm_gic_num_spis
 .text          0x000000000000b2c4       0x98 /home/devbox/ide-7.1-workspace/ti-am335x-beaglebone/src/hardware/startup/lib/arm/a.le.v7/libstartup.a(arm_v7_dcache_flush.o)
                0x000000000000b2c4                arm_v7_dcache_flush
 .text          0x000000000000b35c       0x80 /home/devbox/ide-7.1-workspace/ti-am335x-beaglebone/src/hardware/startup/lib/arm/a.le.v7/libstartup.a(armv_chip_detect.o)
                0x000000000000b35c                armv_chip_detect
 .text          0x000000000000b3dc        0x0 /home/devbox/ide-7.1-workspace/ti-am335x-beaglebone/src/hardware/startup/lib/arm/a.le.v7/libstartup.a(armv_list.o)
 .text          0x000000000000b3dc        0x4 /home/devbox/ide-7.1-workspace/ti-am335x-beaglebone/src/hardware/startup/lib/arm/a.le.v7/libstartup.a(as_add.o)
                0x000000000000b3dc                as_add
 .text          0x000000000000b3e0       0xd8 /home/devbox/ide-7.1-workspace/ti-am335x-beaglebone/src/hardware/startup/lib/arm/a.le.v7/libstartup.a(as_add64.o)
                0x000000000000b3e0                as_add64
 .text          0x000000000000b4b8      0x37c /home/devbox/ide-7.1-workspace/ti-am335x-beaglebone/src/hardware/startup/lib/arm/a.le.v7/libstartup.a(as_add_containing.o)
                0x000000000000b4b8                as_add_containing
 .text          0x000000000000b834       0x64 /home/devbox/ide-7.1-workspace/ti-am335x-beaglebone/src/hardware/startup/lib/arm/a.le.v7/libstartup.a(as_default.o)
                0x000000000000b834                as_default
 .text          0x000000000000b898      0x184 /home/devbox/ide-7.1-workspace/ti-am335x-beaglebone/src/hardware/startup/lib/arm/a.le.v7/libstartup.a(as_find.o)
                0x000000000000b898                as_find
 .text          0x000000000000ba1c      0x104 /home/devbox/ide-7.1-workspace/ti-am335x-beaglebone/src/hardware/startup/lib/arm/a.le.v7/libstartup.a(as_find_containing.o)
                0x000000000000ba1c                as_find_containing
 .text          0x000000000000bb20       0x14 /home/devbox/ide-7.1-workspace/ti-am335x-beaglebone/src/hardware/startup/lib/arm/a.le.v7/libstartup.a(as_off2info.o)
                0x000000000000bb20                as_off2info
 .text          0x000000000000bb34       0x30 /home/devbox/ide-7.1-workspace/ti-am335x-beaglebone/src/hardware/startup/lib/arm/a.le.v7/libstartup.a(bcd2bin.o)
                0x000000000000bb34                bcd2bin
 .text          0x000000000000bb64        0x4 /home/devbox/ide-7.1-workspace/ti-am335x-beaglebone/src/hardware/startup/lib/arm/a.le.v7/libstartup.a(board_cpu_startup.o)
                0x000000000000bb64                board_cpu_startup
 .text          0x000000000000bb68        0x0 /home/devbox/ide-7.1-workspace/ti-am335x-beaglebone/src/hardware/startup/lib/arm/a.le.v7/libstartup.a(boot_regs.o)
 .text          0x000000000000bb68       0xec /home/devbox/ide-7.1-workspace/ti-am335x-beaglebone/src/hardware/startup/lib/arm/a.le.v7/libstartup.a(calc_time_t.o)
                0x000000000000bb68                calc_time_t
 .text          0x000000000000bc54       0xe4 /home/devbox/ide-7.1-workspace/ti-am335x-beaglebone/src/hardware/startup/lib/arm/a.le.v7/libstartup.a(callout_cache_v7mp.o)
                0x000000000000bc54                cache_v7mp_i
                0x000000000000bcc8                cache_v7mp_d
 .text          0x000000000000bd38       0xf0 /home/devbox/ide-7.1-workspace/ti-am335x-beaglebone/src/hardware/startup/lib/arm/a.le.v7/libstartup.a(callout_cache_v7up.o)
                0x000000000000bd38                cache_v7up_i
                0x000000000000bdb8                cache_v7up_d
 .text          0x000000000000be28      0x140 /home/devbox/ide-7.1-workspace/ti-am335x-beaglebone/src/hardware/startup/lib/arm/a.le.v7/libstartup.a(chip_access.o)
                0x000000000000be28                chip_access
                0x000000000000be80                chip_done
                0x000000000000bea0                chip_read8
                0x000000000000bec8                chip_write8
                0x000000000000bee8                chip_read16
                0x000000000000bf10                chip_write16
                0x000000000000bf30                chip_read32
                0x000000000000bf4c                chip_write32
 .text          0x000000000000bf68       0x6c /home/devbox/ide-7.1-workspace/ti-am335x-beaglebone/src/hardware/startup/lib/arm/a.le.v7/libstartup.a(cpu_startnext.o)
                0x000000000000bf68                cpu_startnext
 .text          0x000000000000bfd4      0x220 /home/devbox/ide-7.1-workspace/ti-am335x-beaglebone/src/hardware/startup/lib/arm/a.le.v7/libstartup.a(cpu_syspage_memory.o)
                0x000000000000bfd4                cpu_init_syspage_memory
                0x000000000000bfe4                cpu_alloc_syspage_memory
                0x000000000000c1f0                cpu_write_syspage_memory
 .text          0x000000000000c1f4        0x4 /home/devbox/ide-7.1-workspace/ti-am335x-beaglebone/src/hardware/startup/lib/arm/a.le.v7/libstartup.a(crash_done.o)
                0x000000000000c1f4                crash_done
 .text          0x000000000000c1f8        0x4 /home/devbox/ide-7.1-workspace/ti-am335x-beaglebone/src/hardware/startup/lib/arm/a.le.v7/libstartup.a(dummy_print_char.o)
                0x000000000000c1f8                dummy_print_char
 .text          0x000000000000c1fc      0x20c /home/devbox/ide-7.1-workspace/ti-am335x-beaglebone/src/hardware/startup/lib/arm/a.le.v7/libstartup.a(elf.o)
                0x000000000000c1fc                is_elf64
                0x000000000000c2c0                is_elf32
                0x000000000000c384                is_elf
                0x000000000000c3bc                load_elf
 .text          0x000000000000c408      0x3a8 /home/devbox/ide-7.1-workspace/ti-am335x-beaglebone/src/hardware/startup/lib/arm/a.le.v7/libstartup.a(elf32.o)
                0x000000000000c408                load_elf32
 .text          0x000000000000c7b0      0x3c8 /home/devbox/ide-7.1-workspace/ti-am335x-beaglebone/src/hardware/startup/lib/arm/a.le.v7/libstartup.a(elf64.o)
                0x000000000000c7b0                load_elf64
 .text          0x000000000000cb78       0x44 /home/devbox/ide-7.1-workspace/ti-am335x-beaglebone/src/hardware/startup/lib/arm/a.le.v7/libstartup.a(elf_map.o)
                0x000000000000cb78                elf_map
                0x000000000000cbac                elf_vaddr_to_paddr
 .text          0x000000000000cbbc       0xdc /home/devbox/ide-7.1-workspace/ti-am335x-beaglebone/src/hardware/startup/lib/arm/a.le.v7/libstartup.a(hwi_add_device.o)
                0x000000000000cbbc                hwi_add_device
 .text          0x000000000000cc98       0x34 /home/devbox/ide-7.1-workspace/ti-am335x-beaglebone/src/hardware/startup/lib/arm/a.le.v7/libstartup.a(hwi_add_location.o)
                0x000000000000cc98                hwi_add_location
 .text          0x000000000000cccc       0x58 /home/devbox/ide-7.1-workspace/ti-am335x-beaglebone/src/hardware/startup/lib/arm/a.le.v7/libstartup.a(hwi_default.o)
                0x000000000000cccc                hwi_default
 .text          0x000000000000cd24       0x40 /home/devbox/ide-7.1-workspace/ti-am335x-beaglebone/src/hardware/startup/lib/arm/a.le.v7/libstartup.a(hwitag_add_location.o)
                0x000000000000cd24                hwitag_add_location
 .text          0x000000000000cd64        0x0 /home/devbox/ide-7.1-workspace/ti-am335x-beaglebone/src/hardware/startup/lib/arm/a.le.v7/libstartup.a(mdriver_max.o)
 .text          0x000000000000cd64      0x1d4 /home/devbox/ide-7.1-workspace/ti-am335x-beaglebone/src/hardware/startup/lib/arm/a.le.v7/libstartup.a(memcpy.o)
                0x000000000000cd64                memcpy
 .text          0x000000000000cf38        0x0 /home/devbox/ide-7.1-workspace/ti-am335x-beaglebone/src/hardware/startup/lib/arm/a.le.v7/libstartup.a(mmu_config.o)
 .text          0x000000000000cf38       0x20 /home/devbox/ide-7.1-workspace/ti-am335x-beaglebone/src/hardware/startup/lib/arm/a.le.v7/libstartup.a(timer_ns2tick.o)
                0x000000000000cf38                timer_ns2tick
 .text          0x000000000000cf58       0xa0 /home/devbox/ide-7.1-workspace/ti-am335x-beaglebone/src/hardware/startup/lib/arm/a.le.v7/libstartup.a(timer_tick2ns.o)
                0x000000000000cf58                timer_tick2ns
 .text          0x000000000000cff8        0x0 /home/devbox/ide-7.1-workspace/ti-am335x-beaglebone/src/hardware/startup/lib/arm/a.le.v7/libstartup.a(armv_chip_a15.o)
 .text          0x000000000000cff8        0x0 /home/devbox/ide-7.1-workspace/ti-am335x-beaglebone/src/hardware/startup/lib/arm/a.le.v7/libstartup.a(armv_chip_a7.o)
 .text          0x000000000000cff8        0x0 /home/devbox/ide-7.1-workspace/ti-am335x-beaglebone/src/hardware/startup/lib/arm/a.le.v7/libstartup.a(armv_chip_a8.o)
 .text          0x000000000000cff8        0x0 /home/devbox/ide-7.1-workspace/ti-am335x-beaglebone/src/hardware/startup/lib/arm/a.le.v7/libstartup.a(armv_chip_a9.o)
 .text          0x000000000000cff8       0x28 /home/devbox/ide-7.1-workspace/ti-am335x-beaglebone/src/hardware/startup/lib/arm/a.le.v7/libstartup.a(armv_detect_a9.o)
                0x000000000000cff8                armv_detect_a9
 .text          0x000000000000d020       0x28 /home/devbox/ide-7.1-workspace/ti-am335x-beaglebone/src/hardware/startup/lib/arm/a.le.v7/libstartup.a(armv_setup_a15.o)
                0x000000000000d020                armv_setup_a15
 .text          0x000000000000d048        0x4 /home/devbox/ide-7.1-workspace/ti-am335x-beaglebone/src/hardware/startup/lib/arm/a.le.v7/libstartup.a(armv_setup_a8.o)
                0x000000000000d048                armv_setup_a8
 .text          0x000000000000d04c      0x1c0 /home/devbox/ide-7.1-workspace/ti-am335x-beaglebone/src/hardware/startup/lib/arm/a.le.v7/libstartup.a(armv_setup_a9.o)
                0x000000000000d04c                armv_setup_a9
 .text          0x000000000000d20c        0x4 /home/devbox/ide-7.1-workspace/ti-am335x-beaglebone/src/hardware/startup/lib/arm/a.le.v7/libstartup.a(board_cpu_startnext.o)
                0x000000000000d20c                board_cpu_startnext
 .text          0x000000000000d210       0x2c /home/devbox/ide-7.1-workspace/ti-am335x-beaglebone/src/hardware/startup/lib/arm/a.le.v7/libstartup.a(callout_power_v7_wfi.o)
                0x000000000000d210                power_v7_wfi
 .text          0x000000000000d23c      0x57c /home/devbox/qnx710/target/qnx7/armle-v7/usr/lib/libucl.a(n2b_d.o)
                0x000000000000d23c                ucl_nrv2b_decompress_8
                0x000000000000d3ba                ucl_nrv2b_decompress_le16
                0x000000000000d576                ucl_nrv2b_decompress_le32
 .text          0x000000000000d7b8       0x14 /home/devbox/qnx710/target/qnx7/armle-v7/lib/libc.a(hwi_off2tag.o)
                0x000000000000d7b8                hwi_off2tag
 .text          0x000000000000d7cc      0x16c /home/devbox/qnx710/target/qnx7/armle-v7/lib/libc.a(hwi_find_item.o)
                0x000000000000d7cc                hwi_find_item
 .text          0x000000000000d938       0x14 /home/devbox/qnx710/target/qnx7/armle-v7/lib/libc.a(hwi_tag2off.o)
                0x000000000000d938                hwi_tag2off
 .text          0x000000000000d94c       0x18 /home/devbox/qnx710/target/qnx7/armle-v7/lib/libc.a(strcpy.o)
                0x000000000000d94c                strcpy
                0x000000000000d94c                __strcpy_isr
 .text          0x000000000000d964       0x30 /home/devbox/qnx710/target/qnx7/armle-v7/lib/libc.a(strchr.o)
                0x000000000000d964                __strchr_isr
                0x000000000000d964                strchr
 .text          0x000000000000d994       0x2c /home/devbox/qnx710/target/qnx7/armle-v7/lib/libc.a(strlen.o)
                0x000000000000d994                __strlen_isr
                0x000000000000d994                strlen
 .text          0x000000000000d9c0        0x0 /home/devbox/qnx710/target/qnx7/armle-v7/lib/libc.a(memcmp.o)
 .text          0x000000000000d9c0       0x94 /home/devbox/qnx710/target/qnx7/armle-v7/lib/libc.a(memset.o)
                0x000000000000d9c0                __memset_isr
                0x000000000000d9c0                memset
 .text          0x000000000000da54       0xcc /home/devbox/qnx710/target/qnx7/armle-v7/lib/libc.a(strcmp.o)
                0x000000000000da54                __strcmp_isr
                0x000000000000da54                strcmp
 .text          0x000000000000db20        0x0 /home/devbox/qnx710/target/qnx7/armle-v7/lib/libc.a(__stack_chk_guard.o)
 .text          0x000000000000db20        0x0 /home/devbox/qnx710/target/qnx7/armle-v7/lib/libc.a(__cpu_flags.o)
 .text          0x000000000000db20      0x278 /home/devbox/qnx710/host/linux/x86_64/usr/lib/gcc/arm-unknown-nto-qnx7.1.0eabi/8.3.0/libgcc.a(_udivsi3.o)
                0x000000000000db20                __udivsi3
                0x000000000000db20                __aeabi_uidiv
                0x000000000000dd7c                __aeabi_uidivmod
 .text          0x000000000000dd98      0x2b0 /home/devbox/qnx710/host/linux/x86_64/usr/lib/gcc/arm-unknown-nto-qnx7.1.0eabi/8.3.0/libgcc.a(_divsi3.o)
                0x000000000000dd98                __aeabi_idiv
                0x000000000000dd98                __divsi3
                0x000000000000e02c                __aeabi_idivmod
 .text          0x000000000000e048        0x8 /home/devbox/qnx710/host/linux/x86_64/usr/lib/gcc/arm-unknown-nto-qnx7.1.0eabi/8.3.0/libgcc.a(_dvmd_nto.o)
                0x000000000000e048                __aeabi_ldiv0
                0x000000000000e048                __aeabi_idiv0
 .text          0x000000000000e050       0x30 /home/devbox/qnx710/host/linux/x86_64/usr/lib/gcc/arm-unknown-nto-qnx7.1.0eabi/8.3.0/libgcc.a(_aeabi_uldivmod.o)
                0x000000000000e050                __aeabi_uldivmod
 .text          0x000000000000e080      0x118 /home/devbox/qnx710/host/linux/x86_64/usr/lib/gcc/arm-unknown-nto-qnx7.1.0eabi/8.3.0/libgcc.a(_udivmoddi4.o)
                0x000000000000e080                __udivmoddi4
 *(.gnu.warning)

.text.startup   0x0000000000000000      0x1bc
 .text.startup  0x0000000000000000      0x1bc main.o
                0x0000000000000000                main

.text.unlikely  0x0000000000000000       0x10
 .text.unlikely
                0x0000000000000000       0x10 /home/devbox/ide-7.1-workspace/ti-am335x-beaglebone/src/hardware/startup/lib/arm/a.le.v7/libstartup.a(_main.o)
                0x0000000000000000                abort

.text.hot       0x0000000000000000      0x428
 .text.hot      0x0000000000000000      0x428 /home/devbox/qnx710/target/qnx7/armle-v7/lib/libc.a(memcmp.o)
                0x0000000000000000                __memcmp_isr
                0x0000000000000000                memcmp

.fini
 *(SORT_NONE(.fini))

.rodata         0x0000000000000000      0x118
 *(.rodata)
 .rodata        0x0000000000000000       0x18 detectid-bone.o
 .rodata        0x0000000000000018        0x5 /home/devbox/ide-7.1-workspace/ti-am335x-beaglebone/src/hardware/startup/lib/arm/a.le.v7/libstartup.a(add_interrupt.o)
 *fill*         0x000000000000001d        0x3 
 .rodata        0x0000000000000020       0x10 /home/devbox/ide-7.1-workspace/ti-am335x-beaglebone/src/hardware/startup/lib/arm/a.le.v7/libstartup.a(init_cpuinfo.o)
 .rodata        0x0000000000000030        0x8 /home/devbox/ide-7.1-workspace/ti-am335x-beaglebone/src/hardware/startup/lib/arm/a.le.v7/libstartup.a(init_system_private.o)
 .rodata        0x0000000000000038       0x11 /home/devbox/ide-7.1-workspace/ti-am335x-beaglebone/src/hardware/startup/lib/arm/a.le.v7/libstartup.a(kprintf.o)
 *fill*         0x0000000000000049        0x3 
 .rodata        0x000000000000004c       0x11 /home/devbox/ide-7.1-workspace/ti-am335x-beaglebone/src/hardware/startup/lib/arm/a.le.v7/libstartup.a(restore_ifs.o)
 *fill*         0x000000000000005d        0x3 
 .rodata        0x0000000000000060       0x12 /home/devbox/ide-7.1-workspace/ti-am335x-beaglebone/src/hardware/startup/lib/arm/a.le.v7/libstartup.a(as_add_containing.o)
 *fill*         0x0000000000000072        0x2 
 .rodata        0x0000000000000074        0x8 /home/devbox/ide-7.1-workspace/ti-am335x-beaglebone/src/hardware/startup/lib/arm/a.le.v7/libstartup.a(as_find.o)
 .rodata        0x000000000000007c       0x3c /home/devbox/ide-7.1-workspace/ti-am335x-beaglebone/src/hardware/startup/lib/arm/a.le.v7/libstartup.a(calc_time_t.o)
 .rodata        0x00000000000000b8       0x18 /home/devbox/ide-7.1-workspace/ti-am335x-beaglebone/src/hardware/startup/lib/arm/a.le.v7/libstartup.a(armv_chip_a15.o)
                0x00000000000000b8                armv_chip_a15
 .rodata        0x00000000000000d0       0x18 /home/devbox/ide-7.1-workspace/ti-am335x-beaglebone/src/hardware/startup/lib/arm/a.le.v7/libstartup.a(armv_chip_a7.o)
                0x00000000000000d0                armv_chip_a7
 .rodata        0x00000000000000e8       0x18 /home/devbox/ide-7.1-workspace/ti-am335x-beaglebone/src/hardware/startup/lib/arm/a.le.v7/libstartup.a(armv_chip_a8.o)
                0x00000000000000e8                armv_chip_a8
 .rodata        0x0000000000000100       0x18 /home/devbox/ide-7.1-workspace/ti-am335x-beaglebone/src/hardware/startup/lib/arm/a.le.v7/libstartup.a(armv_chip_a9.o)
                0x0000000000000100                armv_chip_a9

.rodata.str1.4  0x0000000000000000     0x268e
 .rodata.str1.4
                0x0000000000000000      0x149 detectid-bone.o
 *fill*         0x0000000000000149        0x3 
 .rodata.str1.4
                0x000000000000014c      0xff6 init_clocks.o
 *fill*         0x0000000000001142        0x2 
 .rodata.str1.4
                0x0000000000001144       0x46 init_pinmux.o
 *fill*         0x000000000000118a        0x2 
 .rodata.str1.4
                0x000000000000118c       0x45 init_raminfo.o
 *fill*         0x00000000000011d1        0x3 
 .rodata.str1.4
                0x00000000000011d4       0x83 main.o
 *fill*         0x0000000000001257        0x1 
 .rodata.str1.4
                0x0000000000001258       0x26 /home/devbox/ide-7.1-workspace/ti-am335x-beaglebone/src/hardware/startup/lib/arm/a.le.v7/libstartup.a(_main.o)
 *fill*         0x000000000000127e        0x2 
 .rodata.str1.4
                0x0000000000001280       0x2e /home/devbox/ide-7.1-workspace/ti-am335x-beaglebone/src/hardware/startup/lib/arm/a.le.v7/libstartup.a(callouts.o)
 *fill*         0x00000000000012ae        0x2 
 .rodata.str1.4
                0x00000000000012b0        0x1 /home/devbox/ide-7.1-workspace/ti-am335x-beaglebone/src/hardware/startup/lib/arm/a.le.v7/libstartup.a(common_options.o)
 *fill*         0x00000000000012b1        0x3 
 .rodata.str1.4
                0x00000000000012b4        0x3 /home/devbox/ide-7.1-workspace/ti-am335x-beaglebone/src/hardware/startup/lib/arm/a.le.v7/libstartup.a(debug.o)
 *fill*         0x00000000000012b7        0x1 
 .rodata.str1.4
                0x00000000000012b8        0x7 /home/devbox/ide-7.1-workspace/ti-am335x-beaglebone/src/hardware/startup/lib/arm/a.le.v7/libstartup.a(hw_rtc_dm816x.o)
 *fill*         0x00000000000012bf        0x1 
 .rodata.str1.4
                0x00000000000012c0       0x2d /home/devbox/ide-7.1-workspace/ti-am335x-beaglebone/src/hardware/startup/lib/arm/a.le.v7/libstartup.a(hwi_add_nanospin.o)
 *fill*         0x00000000000012ed        0x3 
 .rodata.str1.4
                0x00000000000012f0       0x14 /home/devbox/ide-7.1-workspace/ti-am335x-beaglebone/src/hardware/startup/lib/arm/a.le.v7/libstartup.a(hwi_add_rtc.o)
 .rodata.str1.4
                0x0000000000001304        0x4 /home/devbox/ide-7.1-workspace/ti-am335x-beaglebone/src/hardware/startup/lib/arm/a.le.v7/libstartup.a(hwi_alloc.o)
 .rodata.str1.4
                0x0000000000001308        0xb /home/devbox/ide-7.1-workspace/ti-am335x-beaglebone/src/hardware/startup/lib/arm/a.le.v7/libstartup.a(hwi_find_as.o)
 *fill*         0x0000000000001313        0x1 
 .rodata.str1.4
                0x0000000000001314      0x17d /home/devbox/ide-7.1-workspace/ti-am335x-beaglebone/src/hardware/startup/lib/arm/a.le.v7/libstartup.a(init_cpuinfo.o)
 *fill*         0x0000000000001491        0x3 
 .rodata.str1.4
                0x0000000000001494      0x14f /home/devbox/ide-7.1-workspace/ti-am335x-beaglebone/src/hardware/startup/lib/arm/a.le.v7/libstartup.a(init_system_private.o)
 *fill*         0x00000000000015e3        0x1 
 .rodata.str1.4
                0x00000000000015e4       0xd6 /home/devbox/ide-7.1-workspace/ti-am335x-beaglebone/src/hardware/startup/lib/arm/a.le.v7/libstartup.a(load_ifs.o)
 *fill*         0x00000000000016ba        0x2 
 .rodata.str1.4
                0x00000000000016bc       0x2b /home/devbox/ide-7.1-workspace/ti-am335x-beaglebone/src/hardware/startup/lib/arm/a.le.v7/libstartup.a(map_startup_mem.o)
 *fill*         0x00000000000016e7        0x1 
 .rodata.str1.4
                0x00000000000016e8       0xaf /home/devbox/ide-7.1-workspace/ti-am335x-beaglebone/src/hardware/startup/lib/arm/a.le.v7/libstartup.a(mmu_lpae.o)
 *fill*         0x0000000000001797        0x1 
 .rodata.str1.4
                0x0000000000001798       0xab /home/devbox/ide-7.1-workspace/ti-am335x-beaglebone/src/hardware/startup/lib/arm/a.le.v7/libstartup.a(mmu_v7.o)
 *fill*         0x0000000000001843        0x1 
 .rodata.str1.4
                0x0000000000001844       0x99 /home/devbox/ide-7.1-workspace/ti-am335x-beaglebone/src/hardware/startup/lib/arm/a.le.v7/libstartup.a(omap_i2c.o)
 *fill*         0x00000000000018dd        0x3 
 .rodata.str1.4
                0x00000000000018e0      0x5e0 /home/devbox/ide-7.1-workspace/ti-am335x-beaglebone/src/hardware/startup/lib/arm/a.le.v7/libstartup.a(print_sysp.o)
 .rodata.str1.4
                0x0000000000001ec0       0xa9 /home/devbox/ide-7.1-workspace/ti-am335x-beaglebone/src/hardware/startup/lib/arm/a.le.v7/libstartup.a(ram.o)
 *fill*         0x0000000000001f69        0x3 
 .rodata.str1.4
                0x0000000000001f6c      0x4b1 /home/devbox/ide-7.1-workspace/ti-am335x-beaglebone/src/hardware/startup/lib/arm/a.le.v7/libstartup.a(restore_ifs.o)
 *fill*         0x000000000000241d        0x3 
 .rodata.str1.4
                0x0000000000002420       0x66 /home/devbox/ide-7.1-workspace/ti-am335x-beaglebone/src/hardware/startup/lib/arm/a.le.v7/libstartup.a(startnext.o)
 *fill*         0x0000000000002486        0x2 
 .rodata.str1.4
                0x0000000000002488       0x3b /home/devbox/ide-7.1-workspace/ti-am335x-beaglebone/src/hardware/startup/lib/arm/a.le.v7/libstartup.a(syspage_memory.o)
 *fill*         0x00000000000024c3        0x1 
 .rodata.str1.4
                0x00000000000024c4       0x31 /home/devbox/ide-7.1-workspace/ti-am335x-beaglebone/src/hardware/startup/lib/arm/a.le.v7/libstartup.a(uncompress.o)
 *fill*         0x00000000000024f5        0x3 
 .rodata.str1.4
                0x00000000000024f8        0x5 /home/devbox/ide-7.1-workspace/ti-am335x-beaglebone/src/hardware/startup/lib/arm/a.le.v7/libstartup.a(uncompress_ucl.o)
 *fill*         0x00000000000024fd        0x3 
 .rodata.str1.4
                0x0000000000002500       0x34 /home/devbox/ide-7.1-workspace/ti-am335x-beaglebone/src/hardware/startup/lib/arm/a.le.v7/libstartup.a(arm_cpuspeed.o)
 .rodata.str1.4
                0x0000000000002534       0x14 /home/devbox/ide-7.1-workspace/ti-am335x-beaglebone/src/hardware/startup/lib/arm/a.le.v7/libstartup.a(arm_gic.o)
 .rodata.str1.4
                0x0000000000002548        0x3 /home/devbox/ide-7.1-workspace/ti-am335x-beaglebone/src/hardware/startup/lib/arm/a.le.v7/libstartup.a(as_add64.o)
 *fill*         0x000000000000254b        0x1 
 .rodata.str1.4
                0x000000000000254c       0x16 /home/devbox/ide-7.1-workspace/ti-am335x-beaglebone/src/hardware/startup/lib/arm/a.le.v7/libstartup.a(as_add_containing.o)
 *fill*         0x0000000000002562        0x2 
 .rodata.str1.4
                0x0000000000002564        0x7 /home/devbox/ide-7.1-workspace/ti-am335x-beaglebone/src/hardware/startup/lib/arm/a.le.v7/libstartup.a(as_default.o)
 *fill*         0x000000000000256b        0x1 
 .rodata.str1.4
                0x000000000000256c       0x30 /home/devbox/ide-7.1-workspace/ti-am335x-beaglebone/src/hardware/startup/lib/arm/a.le.v7/libstartup.a(as_find.o)
 .rodata.str1.4
                0x000000000000259c       0x2c /home/devbox/ide-7.1-workspace/ti-am335x-beaglebone/src/hardware/startup/lib/arm/a.le.v7/libstartup.a(calc_time_t.o)
 .rodata.str1.4
                0x00000000000025c8       0x33 /home/devbox/ide-7.1-workspace/ti-am335x-beaglebone/src/hardware/startup/lib/arm/a.le.v7/libstartup.a(cpu_syspage_memory.o)
 *fill*         0x00000000000025fb        0x1 
 .rodata.str1.4
                0x00000000000025fc       0x17 /home/devbox/ide-7.1-workspace/ti-am335x-beaglebone/src/hardware/startup/lib/arm/a.le.v7/libstartup.a(hwi_add_device.o)
 *fill*         0x0000000000002613        0x1 
 .rodata.str1.4
                0x0000000000002614       0x18 /home/devbox/ide-7.1-workspace/ti-am335x-beaglebone/src/hardware/startup/lib/arm/a.le.v7/libstartup.a(hwi_default.o)
 .rodata.str1.4
                0x000000000000262c        0x9 /home/devbox/ide-7.1-workspace/ti-am335x-beaglebone/src/hardware/startup/lib/arm/a.le.v7/libstartup.a(hwitag_add_location.o)
 *fill*         0x0000000000002635        0x3 
 .rodata.str1.4
                0x0000000000002638        0xb /home/devbox/ide-7.1-workspace/ti-am335x-beaglebone/src/hardware/startup/lib/arm/a.le.v7/libstartup.a(armv_chip_a15.o)
 *fill*         0x0000000000002643        0x1 
 .rodata.str1.4
                0x0000000000002644        0xa /home/devbox/ide-7.1-workspace/ti-am335x-beaglebone/src/hardware/startup/lib/arm/a.le.v7/libstartup.a(armv_chip_a7.o)
 *fill*         0x000000000000264e        0x2 
 .rodata.str1.4
                0x0000000000002650        0xa /home/devbox/ide-7.1-workspace/ti-am335x-beaglebone/src/hardware/startup/lib/arm/a.le.v7/libstartup.a(armv_chip_a8.o)
 *fill*         0x000000000000265a        0x2 
 .rodata.str1.4
                0x000000000000265c        0xa /home/devbox/ide-7.1-workspace/ti-am335x-beaglebone/src/hardware/startup/lib/arm/a.le.v7/libstartup.a(armv_chip_a9.o)
 *fill*         0x0000000000002666        0x2 
 .rodata.str1.4
                0x0000000000002668       0x26 /home/devbox/ide-7.1-workspace/ti-am335x-beaglebone/src/hardware/startup/lib/arm/a.le.v7/libstartup.a(armv_setup_a9.o)

.rodata1
 *(.rodata1)

.ARM.extab      0x0000000000000000        0x0
 *(.ARM.extab)
 .ARM.extab     0x0000000000000000        0x0 /home/devbox/qnx710/host/linux/x86_64/usr/lib/gcc/arm-unknown-nto-qnx7.1.0eabi/8.3.0/libgcc.a(_udivmoddi4.o)

.ARM.exidx      0x0000000000000000        0x8
 *(.ARM.exidx)
 .ARM.exidx     0x0000000000000000        0x8 /home/devbox/qnx710/host/linux/x86_64/usr/lib/gcc/arm-unknown-nto-qnx7.1.0eabi/8.3.0/libgcc.a(_udivmoddi4.o)

.eh_frame_hdr
 *(.eh_frame_hdr)

.eh_frame
 *(.eh_frame)

.gcc_except_table
 *(.gcc_except_table)

.gnu_extab
 *(.gnu_extab*)

.exception_ranges
 *(.exception_ranges)

.eh_frame
 *(.eh_frame)

.gnu_extab
 *(.gnu_extab)

.gcc_except_table
 *(.gcc_except_table)

.exception_ranges
 *(.exception_ranges)

.tdata
 *(.tdata)

.tbss
 *(.tbss)

.jcr
 *(.jcr)

.dynamic
 *(.dynamic)

.got
 *(.got)

.got.plt
 *(.got.plt)

.data           0x0000000000000000    0x10250
 *(.data)
 .data          0x0000000000000000        0x0 callout_reboot_am335x.o
 .data          0x0000000000000000        0x0 callout_timer_am335x.o
 .data          0x0000000000000000        0x0 detectid-bone.o
 .data          0x0000000000000000        0x0 init_asinfo.o
 .data          0x0000000000000000        0x0 init_clocks.o
 .data          0x0000000000000000        0x0 init_edma.o
 .data          0x0000000000000000        0x0 init_hwinfo.o
 .data          0x0000000000000000       0x30 init_intrinfo.o
 .data          0x0000000000000030       0xa8 init_pinmux.o
                0x0000000000000030                cape_profiles
 .data          0x00000000000000d8        0x0 init_qtime_am335x.o
 .data          0x00000000000000d8        0x0 init_raminfo.o
 .data          0x00000000000000d8        0x0 init_wdt.o
 .data          0x00000000000000d8        0x0 main.o
 .data          0x00000000000000d8        0x0 rtc_time.o
 .data          0x00000000000000d8       0x20 /home/devbox/ide-7.1-workspace/ti-am335x-beaglebone/src/hardware/startup/lib/arm/a.le.v7/libstartup.a(_main.o)
                0x00000000000000d8                mdriver_hook
                0x00000000000000dc                smp_hook_rtn
                0x00000000000000e0                mdriver_check
                0x00000000000000e4                first_bootstrap_start_vaddr
                0x00000000000000e8                system_dcache_idx
                0x00000000000000ec                system_icache_idx
                0x00000000000000f0                max_cpus
                0x00000000000000f4                paddr_bits
 .data          0x00000000000000f8        0x0 /home/devbox/ide-7.1-workspace/ti-am335x-beaglebone/src/hardware/startup/lib/arm/a.le.v7/libstartup.a(_start.o)
 .data          0x00000000000000f8        0x0 /home/devbox/ide-7.1-workspace/ti-am335x-beaglebone/src/hardware/startup/lib/arm/a.le.v7/libstartup.a(add_interrupt.o)
 .data          0x00000000000000f8        0x0 /home/devbox/ide-7.1-workspace/ti-am335x-beaglebone/src/hardware/startup/lib/arm/a.le.v7/libstartup.a(alloc_qtime.o)
 .data          0x00000000000000f8        0x0 /home/devbox/ide-7.1-workspace/ti-am335x-beaglebone/src/hardware/startup/lib/arm/a.le.v7/libstartup.a(board_init.o)
 .data          0x00000000000000f8        0x0 /home/devbox/ide-7.1-workspace/ti-am335x-beaglebone/src/hardware/startup/lib/arm/a.le.v7/libstartup.a(callout_debug_8250.o)
 .data          0x00000000000000f8        0x0 /home/devbox/ide-7.1-workspace/ti-am335x-beaglebone/src/hardware/startup/lib/arm/a.le.v7/libstartup.a(callout_interrupt_dm814x_edma.o)
 .data          0x00000000000000f8        0x0 /home/devbox/ide-7.1-workspace/ti-am335x-beaglebone/src/hardware/startup/lib/arm/a.le.v7/libstartup.a(callout_interrupt_dm814x_gpio.o)
 .data          0x00000000000000f8        0x0 /home/devbox/ide-7.1-workspace/ti-am335x-beaglebone/src/hardware/startup/lib/arm/a.le.v7/libstartup.a(callout_interrupt_dm816x.o)
 .data          0x00000000000000f8        0x0 /home/devbox/ide-7.1-workspace/ti-am335x-beaglebone/src/hardware/startup/lib/arm/a.le.v7/libstartup.a(callout_io_map_indirect.o)
 .data          0x00000000000000f8        0x4 /home/devbox/ide-7.1-workspace/ti-am335x-beaglebone/src/hardware/startup/lib/arm/a.le.v7/libstartup.a(callouts.o)
                0x00000000000000f8                callout_output_rtn
 .data          0x00000000000000fc        0x0 /home/devbox/ide-7.1-workspace/ti-am335x-beaglebone/src/hardware/startup/lib/arm/a.le.v7/libstartup.a(common_options.o)
 .data          0x00000000000000fc        0x0 /home/devbox/ide-7.1-workspace/ti-am335x-beaglebone/src/hardware/startup/lib/arm/a.le.v7/libstartup.a(cpu_common_options.o)
 .data          0x00000000000000fc        0x0 /home/devbox/ide-7.1-workspace/ti-am335x-beaglebone/src/hardware/startup/lib/arm/a.le.v7/libstartup.a(cpu_startup.o)
 *fill*         0x00000000000000fc        0x4 
 .data          0x0000000000000100    0x10008 /home/devbox/ide-7.1-workspace/ti-am335x-beaglebone/src/hardware/startup/lib/arm/a.le.v7/libstartup.a(cstart.o)
                0x0000000000000100                boot_args
                0x0000000000000108                stack_addr_lo
                0x0000000000010108                stack
                0x0000000000010108                stack_addr_hi
 .data          0x0000000000010108        0x0 /home/devbox/ide-7.1-workspace/ti-am335x-beaglebone/src/hardware/startup/lib/arm/a.le.v7/libstartup.a(debug.o)
 .data          0x0000000000010108        0x0 /home/devbox/ide-7.1-workspace/ti-am335x-beaglebone/src/hardware/startup/lib/arm/a.le.v7/libstartup.a(getopt.o)
 .data          0x0000000000010108        0x0 /home/devbox/ide-7.1-workspace/ti-am335x-beaglebone/src/hardware/startup/lib/arm/a.le.v7/libstartup.a(getsize.o)
 .data          0x0000000000010108        0x0 /home/devbox/ide-7.1-workspace/ti-am335x-beaglebone/src/hardware/startup/lib/arm/a.le.v7/libstartup.a(hw_rtc_dm816x.o)
 .data          0x0000000000010108        0x0 /home/devbox/ide-7.1-workspace/ti-am335x-beaglebone/src/hardware/startup/lib/arm/a.le.v7/libstartup.a(hw_seromap.o)
 .data          0x0000000000010108        0x0 /home/devbox/ide-7.1-workspace/ti-am335x-beaglebone/src/hardware/startup/lib/arm/a.le.v7/libstartup.a(hwi_add_nanospin.o)
 .data          0x0000000000010108        0x0 /home/devbox/ide-7.1-workspace/ti-am335x-beaglebone/src/hardware/startup/lib/arm/a.le.v7/libstartup.a(hwi_add_rtc.o)
 .data          0x0000000000010108        0x0 /home/devbox/ide-7.1-workspace/ti-am335x-beaglebone/src/hardware/startup/lib/arm/a.le.v7/libstartup.a(hwi_alloc.o)
 .data          0x0000000000010108        0x0 /home/devbox/ide-7.1-workspace/ti-am335x-beaglebone/src/hardware/startup/lib/arm/a.le.v7/libstartup.a(hwi_find_as.o)
 .data          0x0000000000010108        0x0 /home/devbox/ide-7.1-workspace/ti-am335x-beaglebone/src/hardware/startup/lib/arm/a.le.v7/libstartup.a(init_cacheattr.o)
 .data          0x0000000000010108        0x0 /home/devbox/ide-7.1-workspace/ti-am335x-beaglebone/src/hardware/startup/lib/arm/a.le.v7/libstartup.a(init_cpuinfo.o)
 .data          0x0000000000010108        0x0 /home/devbox/ide-7.1-workspace/ti-am335x-beaglebone/src/hardware/startup/lib/arm/a.le.v7/libstartup.a(init_mmu.o)
 .data          0x0000000000010108        0x0 /home/devbox/ide-7.1-workspace/ti-am335x-beaglebone/src/hardware/startup/lib/arm/a.le.v7/libstartup.a(init_system_private.o)
 .data          0x0000000000010108        0x8 /home/devbox/ide-7.1-workspace/ti-am335x-beaglebone/src/hardware/startup/lib/arm/a.le.v7/libstartup.a(jtag.o)
 .data          0x0000000000010110        0x4 /home/devbox/ide-7.1-workspace/ti-am335x-beaglebone/src/hardware/startup/lib/arm/a.le.v7/libstartup.a(kprintf.o)
 .data          0x0000000000010114        0x0 /home/devbox/ide-7.1-workspace/ti-am335x-beaglebone/src/hardware/startup/lib/arm/a.le.v7/libstartup.a(load_ifs.o)
 .data          0x0000000000010114        0x0 /home/devbox/ide-7.1-workspace/ti-am335x-beaglebone/src/hardware/startup/lib/arm/a.le.v7/libstartup.a(map_callout_io.o)
 .data          0x0000000000010114        0x0 /home/devbox/ide-7.1-workspace/ti-am335x-beaglebone/src/hardware/startup/lib/arm/a.le.v7/libstartup.a(map_startup_io.o)
 .data          0x0000000000010114        0x0 /home/devbox/ide-7.1-workspace/ti-am335x-beaglebone/src/hardware/startup/lib/arm/a.le.v7/libstartup.a(map_startup_mem.o)
 .data          0x0000000000010114        0x0 /home/devbox/ide-7.1-workspace/ti-am335x-beaglebone/src/hardware/startup/lib/arm/a.le.v7/libstartup.a(memfuncs.o)
 .data          0x0000000000010114        0x0 /home/devbox/ide-7.1-workspace/ti-am335x-beaglebone/src/hardware/startup/lib/arm/a.le.v7/libstartup.a(memmove.o)
 .data          0x0000000000010114        0x8 /home/devbox/ide-7.1-workspace/ti-am335x-beaglebone/src/hardware/startup/lib/arm/a.le.v7/libstartup.a(mmu_lpae.o)
                0x0000000000010118                lpae_ttbcr
 .data          0x000000000001011c       0x1c /home/devbox/ide-7.1-workspace/ti-am335x-beaglebone/src/hardware/startup/lib/arm/a.le.v7/libstartup.a(mmu_v7.o)
 .data          0x0000000000010138        0x4 /home/devbox/ide-7.1-workspace/ti-am335x-beaglebone/src/hardware/startup/lib/arm/a.le.v7/libstartup.a(omap_i2c.o)
                0x0000000000010138                omap_i2c_debug
 .data          0x000000000001013c       0xb4 /home/devbox/ide-7.1-workspace/ti-am335x-beaglebone/src/hardware/startup/lib/arm/a.le.v7/libstartup.a(print_sysp.o)
 .data          0x00000000000101f0        0x4 /home/devbox/ide-7.1-workspace/ti-am335x-beaglebone/src/hardware/startup/lib/arm/a.le.v7/libstartup.a(ram.o)
 .data          0x00000000000101f4        0x4 /home/devbox/ide-7.1-workspace/ti-am335x-beaglebone/src/hardware/startup/lib/arm/a.le.v7/libstartup.a(restore_ifs.o)
                0x00000000000101f4                mdriver_cksum_max
 .data          0x00000000000101f8        0x0 /home/devbox/ide-7.1-workspace/ti-am335x-beaglebone/src/hardware/startup/lib/arm/a.le.v7/libstartup.a(ssp.o)
 .data          0x00000000000101f8        0x0 /home/devbox/ide-7.1-workspace/ti-am335x-beaglebone/src/hardware/startup/lib/arm/a.le.v7/libstartup.a(startnext.o)
 .data          0x00000000000101f8        0x0 /home/devbox/ide-7.1-workspace/ti-am335x-beaglebone/src/hardware/startup/lib/arm/a.le.v7/libstartup.a(startup_info.o)
 .data          0x00000000000101f8        0x0 /home/devbox/ide-7.1-workspace/ti-am335x-beaglebone/src/hardware/startup/lib/arm/a.le.v7/libstartup.a(strings.o)
 .data          0x00000000000101f8        0x0 /home/devbox/ide-7.1-workspace/ti-am335x-beaglebone/src/hardware/startup/lib/arm/a.le.v7/libstartup.a(strtoul.o)
 .data          0x00000000000101f8        0x0 /home/devbox/ide-7.1-workspace/ti-am335x-beaglebone/src/hardware/startup/lib/arm/a.le.v7/libstartup.a(syspage_memory.o)
 .data          0x00000000000101f8        0x0 /home/devbox/ide-7.1-workspace/ti-am335x-beaglebone/src/hardware/startup/lib/arm/a.le.v7/libstartup.a(tweak_cmdline.o)
 .data          0x00000000000101f8        0x0 /home/devbox/ide-7.1-workspace/ti-am335x-beaglebone/src/hardware/startup/lib/arm/a.le.v7/libstartup.a(uncompress.o)
 .data          0x00000000000101f8        0x0 /home/devbox/ide-7.1-workspace/ti-am335x-beaglebone/src/hardware/startup/lib/arm/a.le.v7/libstartup.a(uncompress_ucl.o)
 .data          0x00000000000101f8        0x0 /home/devbox/ide-7.1-workspace/ti-am335x-beaglebone/src/hardware/startup/lib/arm/a.le.v7/libstartup.a(vstart_lpae.o)
 .data          0x00000000000101f8        0x0 /home/devbox/ide-7.1-workspace/ti-am335x-beaglebone/src/hardware/startup/lib/arm/a.le.v7/libstartup.a(vstart_v7.o)
 .data          0x00000000000101f8        0x0 /home/devbox/ide-7.1-workspace/ti-am335x-beaglebone/src/hardware/startup/lib/arm/a.le.v7/libstartup.a(add_cache.o)
 .data          0x00000000000101f8        0x0 /home/devbox/ide-7.1-workspace/ti-am335x-beaglebone/src/hardware/startup/lib/arm/a.le.v7/libstartup.a(arm_add_clock_cycles.o)
 .data          0x00000000000101f8        0x0 /home/devbox/ide-7.1-workspace/ti-am335x-beaglebone/src/hardware/startup/lib/arm/a.le.v7/libstartup.a(arm_cpuspeed.o)
 .data          0x00000000000101f8       0x10 /home/devbox/ide-7.1-workspace/ti-am335x-beaglebone/src/hardware/startup/lib/arm/a.le.v7/libstartup.a(arm_gic.o)
                0x00000000000101f8                gic_dist_base
                0x0000000000010200                gic_cpu_base
 .data          0x0000000000010208        0x0 /home/devbox/ide-7.1-workspace/ti-am335x-beaglebone/src/hardware/startup/lib/arm/a.le.v7/libstartup.a(arm_v7_dcache_flush.o)
 .data          0x0000000000010208        0x0 /home/devbox/ide-7.1-workspace/ti-am335x-beaglebone/src/hardware/startup/lib/arm/a.le.v7/libstartup.a(armv_chip_detect.o)
 .data          0x0000000000010208       0x14 /home/devbox/ide-7.1-workspace/ti-am335x-beaglebone/src/hardware/startup/lib/arm/a.le.v7/libstartup.a(armv_list.o)
                0x0000000000010208                armv_list
 .data          0x000000000001021c        0x0 /home/devbox/ide-7.1-workspace/ti-am335x-beaglebone/src/hardware/startup/lib/arm/a.le.v7/libstartup.a(as_add.o)
 .data          0x000000000001021c        0x0 /home/devbox/ide-7.1-workspace/ti-am335x-beaglebone/src/hardware/startup/lib/arm/a.le.v7/libstartup.a(as_add64.o)
 .data          0x000000000001021c        0x0 /home/devbox/ide-7.1-workspace/ti-am335x-beaglebone/src/hardware/startup/lib/arm/a.le.v7/libstartup.a(as_add_containing.o)
 .data          0x000000000001021c        0x0 /home/devbox/ide-7.1-workspace/ti-am335x-beaglebone/src/hardware/startup/lib/arm/a.le.v7/libstartup.a(as_default.o)
 .data          0x000000000001021c        0x0 /home/devbox/ide-7.1-workspace/ti-am335x-beaglebone/src/hardware/startup/lib/arm/a.le.v7/libstartup.a(as_find.o)
 .data          0x000000000001021c        0x0 /home/devbox/ide-7.1-workspace/ti-am335x-beaglebone/src/hardware/startup/lib/arm/a.le.v7/libstartup.a(as_find_containing.o)
 .data          0x000000000001021c        0x0 /home/devbox/ide-7.1-workspace/ti-am335x-beaglebone/src/hardware/startup/lib/arm/a.le.v7/libstartup.a(as_off2info.o)
 .data          0x000000000001021c        0x0 /home/devbox/ide-7.1-workspace/ti-am335x-beaglebone/src/hardware/startup/lib/arm/a.le.v7/libstartup.a(bcd2bin.o)
 .data          0x000000000001021c        0x0 /home/devbox/ide-7.1-workspace/ti-am335x-beaglebone/src/hardware/startup/lib/arm/a.le.v7/libstartup.a(board_cpu_startup.o)
 .data          0x000000000001021c        0x0 /home/devbox/ide-7.1-workspace/ti-am335x-beaglebone/src/hardware/startup/lib/arm/a.le.v7/libstartup.a(boot_regs.o)
 .data          0x000000000001021c        0x0 /home/devbox/ide-7.1-workspace/ti-am335x-beaglebone/src/hardware/startup/lib/arm/a.le.v7/libstartup.a(calc_time_t.o)
 .data          0x000000000001021c        0x0 /home/devbox/ide-7.1-workspace/ti-am335x-beaglebone/src/hardware/startup/lib/arm/a.le.v7/libstartup.a(callout_cache_v7mp.o)
 .data          0x000000000001021c        0x0 /home/devbox/ide-7.1-workspace/ti-am335x-beaglebone/src/hardware/startup/lib/arm/a.le.v7/libstartup.a(callout_cache_v7up.o)
 .data          0x000000000001021c        0x0 /home/devbox/ide-7.1-workspace/ti-am335x-beaglebone/src/hardware/startup/lib/arm/a.le.v7/libstartup.a(chip_access.o)
 .data          0x000000000001021c        0x0 /home/devbox/ide-7.1-workspace/ti-am335x-beaglebone/src/hardware/startup/lib/arm/a.le.v7/libstartup.a(cpu_startnext.o)
 .data          0x000000000001021c        0x0 /home/devbox/ide-7.1-workspace/ti-am335x-beaglebone/src/hardware/startup/lib/arm/a.le.v7/libstartup.a(cpu_syspage_memory.o)
 .data          0x000000000001021c        0x0 /home/devbox/ide-7.1-workspace/ti-am335x-beaglebone/src/hardware/startup/lib/arm/a.le.v7/libstartup.a(crash_done.o)
 .data          0x000000000001021c        0x0 /home/devbox/ide-7.1-workspace/ti-am335x-beaglebone/src/hardware/startup/lib/arm/a.le.v7/libstartup.a(dummy_print_char.o)
 .data          0x000000000001021c        0x0 /home/devbox/ide-7.1-workspace/ti-am335x-beaglebone/src/hardware/startup/lib/arm/a.le.v7/libstartup.a(elf.o)
 .data          0x000000000001021c        0x0 /home/devbox/ide-7.1-workspace/ti-am335x-beaglebone/src/hardware/startup/lib/arm/a.le.v7/libstartup.a(elf32.o)
 .data          0x000000000001021c        0x0 /home/devbox/ide-7.1-workspace/ti-am335x-beaglebone/src/hardware/startup/lib/arm/a.le.v7/libstartup.a(elf64.o)
 .data          0x000000000001021c        0x0 /home/devbox/ide-7.1-workspace/ti-am335x-beaglebone/src/hardware/startup/lib/arm/a.le.v7/libstartup.a(elf_map.o)
 .data          0x000000000001021c        0x0 /home/devbox/ide-7.1-workspace/ti-am335x-beaglebone/src/hardware/startup/lib/arm/a.le.v7/libstartup.a(hwi_add_device.o)
 .data          0x000000000001021c        0x0 /home/devbox/ide-7.1-workspace/ti-am335x-beaglebone/src/hardware/startup/lib/arm/a.le.v7/libstartup.a(hwi_add_location.o)
 .data          0x000000000001021c        0x0 /home/devbox/ide-7.1-workspace/ti-am335x-beaglebone/src/hardware/startup/lib/arm/a.le.v7/libstartup.a(hwi_default.o)
 .data          0x000000000001021c        0x0 /home/devbox/ide-7.1-workspace/ti-am335x-beaglebone/src/hardware/startup/lib/arm/a.le.v7/libstartup.a(hwitag_add_location.o)
 .data          0x000000000001021c        0x4 /home/devbox/ide-7.1-workspace/ti-am335x-beaglebone/src/hardware/startup/lib/arm/a.le.v7/libstartup.a(mdriver_max.o)
                0x000000000001021c                mdriver_max
 .data          0x0000000000010220        0x0 /home/devbox/ide-7.1-workspace/ti-am335x-beaglebone/src/hardware/startup/lib/arm/a.le.v7/libstartup.a(memcpy.o)
 .data          0x0000000000010220       0x18 /home/devbox/ide-7.1-workspace/ti-am335x-beaglebone/src/hardware/startup/lib/arm/a.le.v7/libstartup.a(mmu_config.o)
                0x0000000000010220                lpae_mair1
                0x0000000000010224                lpae_mair0
                0x0000000000010228                v7_nmrr
                0x000000000001022c                v7_prrr
                0x0000000000010230                sctlr_set
                0x0000000000010234                sctlr_clr
 .data          0x0000000000010238        0x0 /home/devbox/ide-7.1-workspace/ti-am335x-beaglebone/src/hardware/startup/lib/arm/a.le.v7/libstartup.a(timer_ns2tick.o)
 .data          0x0000000000010238        0x0 /home/devbox/ide-7.1-workspace/ti-am335x-beaglebone/src/hardware/startup/lib/arm/a.le.v7/libstartup.a(timer_tick2ns.o)
 .data          0x0000000000010238        0x0 /home/devbox/ide-7.1-workspace/ti-am335x-beaglebone/src/hardware/startup/lib/arm/a.le.v7/libstartup.a(armv_chip_a15.o)
 .data          0x0000000000010238        0x0 /home/devbox/ide-7.1-workspace/ti-am335x-beaglebone/src/hardware/startup/lib/arm/a.le.v7/libstartup.a(armv_chip_a7.o)
 .data          0x0000000000010238        0x0 /home/devbox/ide-7.1-workspace/ti-am335x-beaglebone/src/hardware/startup/lib/arm/a.le.v7/libstartup.a(armv_chip_a8.o)
 .data          0x0000000000010238        0x0 /home/devbox/ide-7.1-workspace/ti-am335x-beaglebone/src/hardware/startup/lib/arm/a.le.v7/libstartup.a(armv_chip_a9.o)
 .data          0x0000000000010238       0x10 /home/devbox/ide-7.1-workspace/ti-am335x-beaglebone/src/hardware/startup/lib/arm/a.le.v7/libstartup.a(armv_detect_a9.o)
                0x0000000000010238                mpcore_scu_base
                0x0000000000010240                pl310_base
 .data          0x0000000000010248        0x0 /home/devbox/ide-7.1-workspace/ti-am335x-beaglebone/src/hardware/startup/lib/arm/a.le.v7/libstartup.a(armv_setup_a15.o)
 .data          0x0000000000010248        0x0 /home/devbox/ide-7.1-workspace/ti-am335x-beaglebone/src/hardware/startup/lib/arm/a.le.v7/libstartup.a(armv_setup_a8.o)
 .data          0x0000000000010248        0x8 /home/devbox/ide-7.1-workspace/ti-am335x-beaglebone/src/hardware/startup/lib/arm/a.le.v7/libstartup.a(armv_setup_a9.o)
                0x0000000000010248                a9_actlr_allowed
                0x000000000001024c                a9_diag_allowed
 .data          0x0000000000010250        0x0 /home/devbox/ide-7.1-workspace/ti-am335x-beaglebone/src/hardware/startup/lib/arm/a.le.v7/libstartup.a(board_cpu_startnext.o)
 .data          0x0000000000010250        0x0 /home/devbox/ide-7.1-workspace/ti-am335x-beaglebone/src/hardware/startup/lib/arm/a.le.v7/libstartup.a(callout_power_v7_wfi.o)
 .data          0x0000000000010250        0x0 /home/devbox/qnx710/target/qnx7/armle-v7/usr/lib/libucl.a(n2b_d.o)
 .data          0x0000000000010250        0x0 /home/devbox/qnx710/target/qnx7/armle-v7/lib/libc.a(hwi_off2tag.o)
 .data          0x0000000000010250        0x0 /home/devbox/qnx710/target/qnx7/armle-v7/lib/libc.a(hwi_find_item.o)
 .data          0x0000000000010250        0x0 /home/devbox/qnx710/target/qnx7/armle-v7/lib/libc.a(hwi_tag2off.o)
 .data          0x0000000000010250        0x0 /home/devbox/qnx710/target/qnx7/armle-v7/lib/libc.a(strcpy.o)
 .data          0x0000000000010250        0x0 /home/devbox/qnx710/target/qnx7/armle-v7/lib/libc.a(strchr.o)
 .data          0x0000000000010250        0x0 /home/devbox/qnx710/target/qnx7/armle-v7/lib/libc.a(strlen.o)
 .data          0x0000000000010250        0x0 /home/devbox/qnx710/target/qnx7/armle-v7/lib/libc.a(memcmp.o)
 .data          0x0000000000010250        0x0 /home/devbox/qnx710/target/qnx7/armle-v7/lib/libc.a(memset.o)
 .data          0x0000000000010250        0x0 /home/devbox/qnx710/target/qnx7/armle-v7/lib/libc.a(strcmp.o)
 .data          0x0000000000010250        0x0 /home/devbox/qnx710/target/qnx7/armle-v7/lib/libc.a(__stack_chk_guard.o)
 .data          0x0000000000010250        0x0 /home/devbox/qnx710/target/qnx7/armle-v7/lib/libc.a(__cpu_flags.o)
 .data          0x0000000000010250        0x0 /home/devbox/qnx710/host/linux/x86_64/usr/lib/gcc/arm-unknown-nto-qnx7.1.0eabi/8.3.0/libgcc.a(_udivsi3.o)
 .data          0x0000000000010250        0x0 /home/devbox/qnx710/host/linux/x86_64/usr/lib/gcc/arm-unknown-nto-qnx7.1.0eabi/8.3.0/libgcc.a(_divsi3.o)
 .data          0x0000000000010250        0x0 /home/devbox/qnx710/host/linux/x86_64/usr/lib/gcc/arm-unknown-nto-qnx7.1.0eabi/8.3.0/libgcc.a(_dvmd_nto.o)
 .data          0x0000000000010250        0x0 /home/devbox/qnx710/host/linux/x86_64/usr/lib/gcc/arm-unknown-nto-qnx7.1.0eabi/8.3.0/libgcc.a(_aeabi_uldivmod.o)
 .data          0x0000000000010250        0x0 /home/devbox/qnx710/host/linux/x86_64/usr/lib/gcc/arm-unknown-nto-qnx7.1.0eabi/8.3.0/libgcc.a(_udivmoddi4.o)

.data.rel.ro    0x0000000000000000      0x190
 .data.rel.ro   0x0000000000000000      0x150 init_intrinfo.o
 .data.rel.ro   0x0000000000000150       0x18 init_qtime_am335x.o
 .data.rel.ro   0x0000000000000168       0x28 main.o
                0x0000000000000168                callouts
                0x0000000000000170                debug_devices

.data1
 *(.data1)

.bss            0x0000000000000000      0x188
 *(.bss)
 .bss           0x0000000000000000        0x0 callout_reboot_am335x.o
 .bss           0x0000000000000000        0x0 callout_timer_am335x.o
 .bss           0x0000000000000000        0x0 detectid-bone.o
 .bss           0x0000000000000000        0x0 init_asinfo.o
 .bss           0x0000000000000000        0x0 init_clocks.o
 .bss           0x0000000000000000        0x0 init_edma.o
 .bss           0x0000000000000000        0x0 init_hwinfo.o
 .bss           0x0000000000000000        0x0 init_intrinfo.o
 .bss           0x0000000000000000        0x0 init_pinmux.o
 .bss           0x0000000000000000        0x4 init_qtime_am335x.o
 .bss           0x0000000000000004        0x0 init_raminfo.o
 .bss           0x0000000000000004        0x0 init_wdt.o
 .bss           0x0000000000000004        0x0 main.o
 .bss           0x0000000000000004        0x0 rtc_time.o
 .bss           0x0000000000000004       0xa8 /home/devbox/ide-7.1-workspace/ti-am335x-beaglebone/src/hardware/startup/lib/arm/a.le.v7/libstartup.a(_main.o)
                0x00000000000000a8                debug_flag
 .bss           0x00000000000000ac        0x0 /home/devbox/ide-7.1-workspace/ti-am335x-beaglebone/src/hardware/startup/lib/arm/a.le.v7/libstartup.a(_start.o)
 .bss           0x00000000000000ac        0x4 /home/devbox/ide-7.1-workspace/ti-am335x-beaglebone/src/hardware/startup/lib/arm/a.le.v7/libstartup.a(add_interrupt.o)
 .bss           0x00000000000000b0        0x0 /home/devbox/ide-7.1-workspace/ti-am335x-beaglebone/src/hardware/startup/lib/arm/a.le.v7/libstartup.a(alloc_qtime.o)
 .bss           0x00000000000000b0        0x0 /home/devbox/ide-7.1-workspace/ti-am335x-beaglebone/src/hardware/startup/lib/arm/a.le.v7/libstartup.a(board_init.o)
 .bss           0x00000000000000b0        0x0 /home/devbox/ide-7.1-workspace/ti-am335x-beaglebone/src/hardware/startup/lib/arm/a.le.v7/libstartup.a(callout_debug_8250.o)
 .bss           0x00000000000000b0        0x0 /home/devbox/ide-7.1-workspace/ti-am335x-beaglebone/src/hardware/startup/lib/arm/a.le.v7/libstartup.a(callout_interrupt_dm814x_edma.o)
 .bss           0x00000000000000b0        0x0 /home/devbox/ide-7.1-workspace/ti-am335x-beaglebone/src/hardware/startup/lib/arm/a.le.v7/libstartup.a(callout_interrupt_dm814x_gpio.o)
 .bss           0x00000000000000b0        0x0 /home/devbox/ide-7.1-workspace/ti-am335x-beaglebone/src/hardware/startup/lib/arm/a.le.v7/libstartup.a(callout_interrupt_dm816x.o)
 .bss           0x00000000000000b0        0x0 /home/devbox/ide-7.1-workspace/ti-am335x-beaglebone/src/hardware/startup/lib/arm/a.le.v7/libstartup.a(callout_io_map_indirect.o)
 .bss           0x00000000000000b0       0x14 /home/devbox/ide-7.1-workspace/ti-am335x-beaglebone/src/hardware/startup/lib/arm/a.le.v7/libstartup.a(callouts.o)
 .bss           0x00000000000000c4        0x8 /home/devbox/ide-7.1-workspace/ti-am335x-beaglebone/src/hardware/startup/lib/arm/a.le.v7/libstartup.a(common_options.o)
 .bss           0x00000000000000cc        0x0 /home/devbox/ide-7.1-workspace/ti-am335x-beaglebone/src/hardware/startup/lib/arm/a.le.v7/libstartup.a(cpu_common_options.o)
 .bss           0x00000000000000cc        0x0 /home/devbox/ide-7.1-workspace/ti-am335x-beaglebone/src/hardware/startup/lib/arm/a.le.v7/libstartup.a(cpu_startup.o)
 .bss           0x00000000000000cc        0x0 /home/devbox/ide-7.1-workspace/ti-am335x-beaglebone/src/hardware/startup/lib/arm/a.le.v7/libstartup.a(cstart.o)
 .bss           0x00000000000000cc        0x0 /home/devbox/ide-7.1-workspace/ti-am335x-beaglebone/src/hardware/startup/lib/arm/a.le.v7/libstartup.a(debug.o)
 .bss           0x00000000000000cc        0xc /home/devbox/ide-7.1-workspace/ti-am335x-beaglebone/src/hardware/startup/lib/arm/a.le.v7/libstartup.a(getopt.o)
                0x00000000000000cc                optind
 .bss           0x00000000000000d8        0x0 /home/devbox/ide-7.1-workspace/ti-am335x-beaglebone/src/hardware/startup/lib/arm/a.le.v7/libstartup.a(getsize.o)
 .bss           0x00000000000000d8        0x0 /home/devbox/ide-7.1-workspace/ti-am335x-beaglebone/src/hardware/startup/lib/arm/a.le.v7/libstartup.a(hw_rtc_dm816x.o)
 .bss           0x00000000000000d8        0x0 /home/devbox/ide-7.1-workspace/ti-am335x-beaglebone/src/hardware/startup/lib/arm/a.le.v7/libstartup.a(hw_seromap.o)
 .bss           0x00000000000000d8        0x0 /home/devbox/ide-7.1-workspace/ti-am335x-beaglebone/src/hardware/startup/lib/arm/a.le.v7/libstartup.a(hwi_add_nanospin.o)
 .bss           0x00000000000000d8        0x0 /home/devbox/ide-7.1-workspace/ti-am335x-beaglebone/src/hardware/startup/lib/arm/a.le.v7/libstartup.a(hwi_add_rtc.o)
 .bss           0x00000000000000d8        0x8 /home/devbox/ide-7.1-workspace/ti-am335x-beaglebone/src/hardware/startup/lib/arm/a.le.v7/libstartup.a(hwi_alloc.o)
 .bss           0x00000000000000e0        0x0 /home/devbox/ide-7.1-workspace/ti-am335x-beaglebone/src/hardware/startup/lib/arm/a.le.v7/libstartup.a(hwi_find_as.o)
 .bss           0x00000000000000e0        0x0 /home/devbox/ide-7.1-workspace/ti-am335x-beaglebone/src/hardware/startup/lib/arm/a.le.v7/libstartup.a(init_cacheattr.o)
 .bss           0x00000000000000e0        0x8 /home/devbox/ide-7.1-workspace/ti-am335x-beaglebone/src/hardware/startup/lib/arm/a.le.v7/libstartup.a(init_cpuinfo.o)
 .bss           0x00000000000000e8        0x0 /home/devbox/ide-7.1-workspace/ti-am335x-beaglebone/src/hardware/startup/lib/arm/a.le.v7/libstartup.a(init_mmu.o)
 .bss           0x00000000000000e8        0x0 /home/devbox/ide-7.1-workspace/ti-am335x-beaglebone/src/hardware/startup/lib/arm/a.le.v7/libstartup.a(init_system_private.o)
 .bss           0x00000000000000e8        0x0 /home/devbox/ide-7.1-workspace/ti-am335x-beaglebone/src/hardware/startup/lib/arm/a.le.v7/libstartup.a(jtag.o)
 .bss           0x00000000000000e8        0x4 /home/devbox/ide-7.1-workspace/ti-am335x-beaglebone/src/hardware/startup/lib/arm/a.le.v7/libstartup.a(kprintf.o)
 .bss           0x00000000000000ec        0x0 /home/devbox/ide-7.1-workspace/ti-am335x-beaglebone/src/hardware/startup/lib/arm/a.le.v7/libstartup.a(load_ifs.o)
 .bss           0x00000000000000ec        0x0 /home/devbox/ide-7.1-workspace/ti-am335x-beaglebone/src/hardware/startup/lib/arm/a.le.v7/libstartup.a(map_callout_io.o)
 .bss           0x00000000000000ec        0x0 /home/devbox/ide-7.1-workspace/ti-am335x-beaglebone/src/hardware/startup/lib/arm/a.le.v7/libstartup.a(map_startup_io.o)
 .bss           0x00000000000000ec        0x0 /home/devbox/ide-7.1-workspace/ti-am335x-beaglebone/src/hardware/startup/lib/arm/a.le.v7/libstartup.a(map_startup_mem.o)
 .bss           0x00000000000000ec        0x0 /home/devbox/ide-7.1-workspace/ti-am335x-beaglebone/src/hardware/startup/lib/arm/a.le.v7/libstartup.a(memfuncs.o)
 .bss           0x00000000000000ec        0x0 /home/devbox/ide-7.1-workspace/ti-am335x-beaglebone/src/hardware/startup/lib/arm/a.le.v7/libstartup.a(memmove.o)
 .bss           0x00000000000000ec       0x24 /home/devbox/ide-7.1-workspace/ti-am335x-beaglebone/src/hardware/startup/lib/arm/a.le.v7/libstartup.a(mmu_lpae.o)
 .bss           0x0000000000000110       0x24 /home/devbox/ide-7.1-workspace/ti-am335x-beaglebone/src/hardware/startup/lib/arm/a.le.v7/libstartup.a(mmu_v7.o)
 .bss           0x0000000000000134        0x0 /home/devbox/ide-7.1-workspace/ti-am335x-beaglebone/src/hardware/startup/lib/arm/a.le.v7/libstartup.a(omap_i2c.o)
 .bss           0x0000000000000134        0x0 /home/devbox/ide-7.1-workspace/ti-am335x-beaglebone/src/hardware/startup/lib/arm/a.le.v7/libstartup.a(print_sysp.o)
 .bss           0x0000000000000134       0x1c /home/devbox/ide-7.1-workspace/ti-am335x-beaglebone/src/hardware/startup/lib/arm/a.le.v7/libstartup.a(ram.o)
 .bss           0x0000000000000150       0x1c /home/devbox/ide-7.1-workspace/ti-am335x-beaglebone/src/hardware/startup/lib/arm/a.le.v7/libstartup.a(restore_ifs.o)
                0x0000000000000150                ifs2_paddr_dst
                0x0000000000000158                rifs_flag
                0x0000000000000160                ifs2_paddr_src
                0x0000000000000168                ifs2_size
 .bss           0x000000000000016c        0x0 /home/devbox/ide-7.1-workspace/ti-am335x-beaglebone/src/hardware/startup/lib/arm/a.le.v7/libstartup.a(ssp.o)
 .bss           0x000000000000016c        0x0 /home/devbox/ide-7.1-workspace/ti-am335x-beaglebone/src/hardware/startup/lib/arm/a.le.v7/libstartup.a(startnext.o)
 .bss           0x000000000000016c        0x0 /home/devbox/ide-7.1-workspace/ti-am335x-beaglebone/src/hardware/startup/lib/arm/a.le.v7/libstartup.a(startup_info.o)
 .bss           0x000000000000016c        0x0 /home/devbox/ide-7.1-workspace/ti-am335x-beaglebone/src/hardware/startup/lib/arm/a.le.v7/libstartup.a(strings.o)
 .bss           0x000000000000016c        0x0 /home/devbox/ide-7.1-workspace/ti-am335x-beaglebone/src/hardware/startup/lib/arm/a.le.v7/libstartup.a(strtoul.o)
 .bss           0x000000000000016c        0x8 /home/devbox/ide-7.1-workspace/ti-am335x-beaglebone/src/hardware/startup/lib/arm/a.le.v7/libstartup.a(syspage_memory.o)
 .bss           0x0000000000000174        0x0 /home/devbox/ide-7.1-workspace/ti-am335x-beaglebone/src/hardware/startup/lib/arm/a.le.v7/libstartup.a(tweak_cmdline.o)
 .bss           0x0000000000000174        0x0 /home/devbox/ide-7.1-workspace/ti-am335x-beaglebone/src/hardware/startup/lib/arm/a.le.v7/libstartup.a(uncompress.o)
 .bss           0x0000000000000174        0x0 /home/devbox/ide-7.1-workspace/ti-am335x-beaglebone/src/hardware/startup/lib/arm/a.le.v7/libstartup.a(uncompress_ucl.o)
 .bss           0x0000000000000174        0x0 /home/devbox/ide-7.1-workspace/ti-am335x-beaglebone/src/hardware/startup/lib/arm/a.le.v7/libstartup.a(vstart_lpae.o)
 .bss           0x0000000000000174        0x0 /home/devbox/ide-7.1-workspace/ti-am335x-beaglebone/src/hardware/startup/lib/arm/a.le.v7/libstartup.a(vstart_v7.o)
 .bss           0x0000000000000174        0x4 /home/devbox/ide-7.1-workspace/ti-am335x-beaglebone/src/hardware/startup/lib/arm/a.le.v7/libstartup.a(add_cache.o)
 .bss           0x0000000000000178        0x4 /home/devbox/ide-7.1-workspace/ti-am335x-beaglebone/src/hardware/startup/lib/arm/a.le.v7/libstartup.a(arm_add_clock_cycles.o)
 .bss           0x000000000000017c        0x0 /home/devbox/ide-7.1-workspace/ti-am335x-beaglebone/src/hardware/startup/lib/arm/a.le.v7/libstartup.a(arm_cpuspeed.o)
 .bss           0x000000000000017c        0x0 /home/devbox/ide-7.1-workspace/ti-am335x-beaglebone/src/hardware/startup/lib/arm/a.le.v7/libstartup.a(arm_gic.o)
 .bss           0x000000000000017c        0x0 /home/devbox/ide-7.1-workspace/ti-am335x-beaglebone/src/hardware/startup/lib/arm/a.le.v7/libstartup.a(arm_v7_dcache_flush.o)
 .bss           0x000000000000017c        0x0 /home/devbox/ide-7.1-workspace/ti-am335x-beaglebone/src/hardware/startup/lib/arm/a.le.v7/libstartup.a(armv_chip_detect.o)
 .bss           0x000000000000017c        0x0 /home/devbox/ide-7.1-workspace/ti-am335x-beaglebone/src/hardware/startup/lib/arm/a.le.v7/libstartup.a(armv_list.o)
 .bss           0x000000000000017c        0x0 /home/devbox/ide-7.1-workspace/ti-am335x-beaglebone/src/hardware/startup/lib/arm/a.le.v7/libstartup.a(as_add.o)
 .bss           0x000000000000017c        0x0 /home/devbox/ide-7.1-workspace/ti-am335x-beaglebone/src/hardware/startup/lib/arm/a.le.v7/libstartup.a(as_add64.o)
 .bss           0x000000000000017c        0x0 /home/devbox/ide-7.1-workspace/ti-am335x-beaglebone/src/hardware/startup/lib/arm/a.le.v7/libstartup.a(as_add_containing.o)
 .bss           0x000000000000017c        0x0 /home/devbox/ide-7.1-workspace/ti-am335x-beaglebone/src/hardware/startup/lib/arm/a.le.v7/libstartup.a(as_default.o)
 .bss           0x000000000000017c        0x0 /home/devbox/ide-7.1-workspace/ti-am335x-beaglebone/src/hardware/startup/lib/arm/a.le.v7/libstartup.a(as_find.o)
 .bss           0x000000000000017c        0x0 /home/devbox/ide-7.1-workspace/ti-am335x-beaglebone/src/hardware/startup/lib/arm/a.le.v7/libstartup.a(as_find_containing.o)
 .bss           0x000000000000017c        0x0 /home/devbox/ide-7.1-workspace/ti-am335x-beaglebone/src/hardware/startup/lib/arm/a.le.v7/libstartup.a(as_off2info.o)
 .bss           0x000000000000017c        0x0 /home/devbox/ide-7.1-workspace/ti-am335x-beaglebone/src/hardware/startup/lib/arm/a.le.v7/libstartup.a(bcd2bin.o)
 .bss           0x000000000000017c        0x0 /home/devbox/ide-7.1-workspace/ti-am335x-beaglebone/src/hardware/startup/lib/arm/a.le.v7/libstartup.a(board_cpu_startup.o)
 .bss           0x000000000000017c        0x0 /home/devbox/ide-7.1-workspace/ti-am335x-beaglebone/src/hardware/startup/lib/arm/a.le.v7/libstartup.a(boot_regs.o)
 .bss           0x000000000000017c        0x0 /home/devbox/ide-7.1-workspace/ti-am335x-beaglebone/src/hardware/startup/lib/arm/a.le.v7/libstartup.a(calc_time_t.o)
 .bss           0x000000000000017c        0x0 /home/devbox/ide-7.1-workspace/ti-am335x-beaglebone/src/hardware/startup/lib/arm/a.le.v7/libstartup.a(callout_cache_v7mp.o)
 .bss           0x000000000000017c        0x0 /home/devbox/ide-7.1-workspace/ti-am335x-beaglebone/src/hardware/startup/lib/arm/a.le.v7/libstartup.a(callout_cache_v7up.o)
 .bss           0x000000000000017c        0xc /home/devbox/ide-7.1-workspace/ti-am335x-beaglebone/src/hardware/startup/lib/arm/a.le.v7/libstartup.a(chip_access.o)
 .bss           0x0000000000000188        0x0 /home/devbox/ide-7.1-workspace/ti-am335x-beaglebone/src/hardware/startup/lib/arm/a.le.v7/libstartup.a(cpu_startnext.o)
 .bss           0x0000000000000188        0x0 /home/devbox/ide-7.1-workspace/ti-am335x-beaglebone/src/hardware/startup/lib/arm/a.le.v7/libstartup.a(cpu_syspage_memory.o)
 .bss           0x0000000000000188        0x0 /home/devbox/ide-7.1-workspace/ti-am335x-beaglebone/src/hardware/startup/lib/arm/a.le.v7/libstartup.a(crash_done.o)
 .bss           0x0000000000000188        0x0 /home/devbox/ide-7.1-workspace/ti-am335x-beaglebone/src/hardware/startup/lib/arm/a.le.v7/libstartup.a(dummy_print_char.o)
 .bss           0x0000000000000188        0x0 /home/devbox/ide-7.1-workspace/ti-am335x-beaglebone/src/hardware/startup/lib/arm/a.le.v7/libstartup.a(elf.o)
 .bss           0x0000000000000188        0x0 /home/devbox/ide-7.1-workspace/ti-am335x-beaglebone/src/hardware/startup/lib/arm/a.le.v7/libstartup.a(elf32.o)
 .bss           0x0000000000000188        0x0 /home/devbox/ide-7.1-workspace/ti-am335x-beaglebone/src/hardware/startup/lib/arm/a.le.v7/libstartup.a(elf64.o)
 .bss           0x0000000000000188        0x0 /home/devbox/ide-7.1-workspace/ti-am335x-beaglebone/src/hardware/startup/lib/arm/a.le.v7/libstartup.a(elf_map.o)
 .bss           0x0000000000000188        0x0 /home/devbox/ide-7.1-workspace/ti-am335x-beaglebone/src/hardware/startup/lib/arm/a.le.v7/libstartup.a(hwi_add_device.o)
 .bss           0x0000000000000188        0x0 /home/devbox/ide-7.1-workspace/ti-am335x-beaglebone/src/hardware/startup/lib/arm/a.le.v7/libstartup.a(hwi_add_location.o)
 .bss           0x0000000000000188        0x0 /home/devbox/ide-7.1-workspace/ti-am335x-beaglebone/src/hardware/startup/lib/arm/a.le.v7/libstartup.a(hwi_default.o)
 .bss           0x0000000000000188        0x0 /home/devbox/ide-7.1-workspace/ti-am335x-beaglebone/src/hardware/startup/lib/arm/a.le.v7/libstartup.a(hwitag_add_location.o)
 .bss           0x0000000000000188        0x0 /home/devbox/ide-7.1-workspace/ti-am335x-beaglebone/src/hardware/startup/lib/arm/a.le.v7/libstartup.a(mdriver_max.o)
 .bss           0x0000000000000188        0x0 /home/devbox/ide-7.1-workspace/ti-am335x-beaglebone/src/hardware/startup/lib/arm/a.le.v7/libstartup.a(memcpy.o)
 .bss           0x0000000000000188        0x0 /home/devbox/ide-7.1-workspace/ti-am335x-beaglebone/src/hardware/startup/lib/arm/a.le.v7/libstartup.a(mmu_config.o)
 .bss           0x0000000000000188        0x0 /home/devbox/ide-7.1-workspace/ti-am335x-beaglebone/src/hardware/startup/lib/arm/a.le.v7/libstartup.a(timer_ns2tick.o)
 .bss           0x0000000000000188        0x0 /home/devbox/ide-7.1-workspace/ti-am335x-beaglebone/src/hardware/startup/lib/arm/a.le.v7/libstartup.a(timer_tick2ns.o)
 .bss           0x0000000000000188        0x0 /home/devbox/ide-7.1-workspace/ti-am335x-beaglebone/src/hardware/startup/lib/arm/a.le.v7/libstartup.a(armv_chip_a15.o)
 .bss           0x0000000000000188        0x0 /home/devbox/ide-7.1-workspace/ti-am335x-beaglebone/src/hardware/startup/lib/arm/a.le.v7/libstartup.a(armv_chip_a7.o)
 .bss           0x0000000000000188        0x0 /home/devbox/ide-7.1-workspace/ti-am335x-beaglebone/src/hardware/startup/lib/arm/a.le.v7/libstartup.a(armv_chip_a8.o)
 .bss           0x0000000000000188        0x0 /home/devbox/ide-7.1-workspace/ti-am335x-beaglebone/src/hardware/startup/lib/arm/a.le.v7/libstartup.a(armv_chip_a9.o)
 .bss           0x0000000000000188        0x0 /home/devbox/ide-7.1-workspace/ti-am335x-beaglebone/src/hardware/startup/lib/arm/a.le.v7/libstartup.a(armv_detect_a9.o)
 .bss           0x0000000000000188        0x0 /home/devbox/ide-7.1-workspace/ti-am335x-beaglebone/src/hardware/startup/lib/arm/a.le.v7/libstartup.a(armv_setup_a15.o)
 .bss           0x0000000000000188        0x0 /home/devbox/ide-7.1-workspace/ti-am335x-beaglebone/src/hardware/startup/lib/arm/a.le.v7/libstartup.a(armv_setup_a8.o)
 .bss           0x0000000000000188        0x0 /home/devbox/ide-7.1-workspace/ti-am335x-beaglebone/src/hardware/startup/lib/arm/a.le.v7/libstartup.a(armv_setup_a9.o)
 .bss           0x0000000000000188        0x0 /home/devbox/ide-7.1-workspace/ti-am335x-beaglebone/src/hardware/startup/lib/arm/a.le.v7/libstartup.a(board_cpu_startnext.o)
 .bss           0x0000000000000188        0x0 /home/devbox/ide-7.1-workspace/ti-am335x-beaglebone/src/hardware/startup/lib/arm/a.le.v7/libstartup.a(callout_power_v7_wfi.o)
 .bss           0x0000000000000188        0x0 /home/devbox/qnx710/target/qnx7/armle-v7/usr/lib/libucl.a(n2b_d.o)
 .bss           0x0000000000000188        0x0 /home/devbox/qnx710/target/qnx7/armle-v7/lib/libc.a(hwi_off2tag.o)
 .bss           0x0000000000000188        0x0 /home/devbox/qnx710/target/qnx7/armle-v7/lib/libc.a(hwi_find_item.o)
 .bss           0x0000000000000188        0x0 /home/devbox/qnx710/target/qnx7/armle-v7/lib/libc.a(hwi_tag2off.o)
 .bss           0x0000000000000188        0x0 /home/devbox/qnx710/target/qnx7/armle-v7/lib/libc.a(strcpy.o)
 .bss           0x0000000000000188        0x0 /home/devbox/qnx710/target/qnx7/armle-v7/lib/libc.a(strchr.o)
 .bss           0x0000000000000188        0x0 /home/devbox/qnx710/target/qnx7/armle-v7/lib/libc.a(strlen.o)
 .bss           0x0000000000000188        0x0 /home/devbox/qnx710/target/qnx7/armle-v7/lib/libc.a(memcmp.o)
 .bss           0x0000000000000188        0x0 /home/devbox/qnx710/target/qnx7/armle-v7/lib/libc.a(memset.o)
 .bss           0x0000000000000188        0x0 /home/devbox/qnx710/target/qnx7/armle-v7/lib/libc.a(strcmp.o)
 .bss           0x0000000000000188        0x0 /home/devbox/qnx710/target/qnx7/armle-v7/lib/libc.a(__stack_chk_guard.o)
 .bss           0x0000000000000188        0x0 /home/devbox/qnx710/target/qnx7/armle-v7/lib/libc.a(__cpu_flags.o)
 .bss           0x0000000000000188        0x0 /home/devbox/qnx710/host/linux/x86_64/usr/lib/gcc/arm-unknown-nto-qnx7.1.0eabi/8.3.0/libgcc.a(_udivsi3.o)
 .bss           0x0000000000000188        0x0 /home/devbox/qnx710/host/linux/x86_64/usr/lib/gcc/arm-unknown-nto-qnx7.1.0eabi/8.3.0/libgcc.a(_divsi3.o)
 .bss           0x0000000000000188        0x0 /home/devbox/qnx710/host/linux/x86_64/usr/lib/gcc/arm-unknown-nto-qnx7.1.0eabi/8.3.0/libgcc.a(_dvmd_nto.o)
 .bss           0x0000000000000188        0x0 /home/devbox/qnx710/host/linux/x86_64/usr/lib/gcc/arm-unknown-nto-qnx7.1.0eabi/8.3.0/libgcc.a(_aeabi_uldivmod.o)
 .bss           0x0000000000000188        0x0 /home/devbox/qnx710/host/linux/x86_64/usr/lib/gcc/arm-unknown-nto-qnx7.1.0eabi/8.3.0/libgcc.a(_udivmoddi4.o)

.stab
 *(.stab)

.stabstr
 *(.stabstr)

.stab.excl
 *(.stab.excl)

.stab.exclstr
 *(.stab.exclstr)

.stab.index
 *(.stab.index)

.stab.indexstr
 *(.stab.indexstr)

.comment        0x0000000000000000     0x176b
 *(.comment)
 .comment       0x0000000000000000       0x35 detectid-bone.o
 .comment       0x0000000000000035       0x35 init_asinfo.o
 .comment       0x000000000000006a       0x35 init_clocks.o
 .comment       0x000000000000009f       0x35 init_edma.o
 .comment       0x00000000000000d4       0x35 init_hwinfo.o
 .comment       0x0000000000000109       0x35 init_intrinfo.o
 .comment       0x000000000000013e       0x35 init_pinmux.o
 .comment       0x0000000000000173       0x35 init_qtime_am335x.o
 .comment       0x00000000000001a8       0x35 init_raminfo.o
 .comment       0x00000000000001dd       0x35 init_wdt.o
 .comment       0x0000000000000212       0x35 main.o
 .comment       0x0000000000000247       0x35 rtc_time.o
 .comment       0x000000000000027c       0x35 /home/devbox/ide-7.1-workspace/ti-am335x-beaglebone/src/hardware/startup/lib/arm/a.le.v7/libstartup.a(_main.o)
 .comment       0x00000000000002b1       0x35 /home/devbox/ide-7.1-workspace/ti-am335x-beaglebone/src/hardware/startup/lib/arm/a.le.v7/libstartup.a(add_interrupt.o)
 .comment       0x00000000000002e6       0x35 /home/devbox/ide-7.1-workspace/ti-am335x-beaglebone/src/hardware/startup/lib/arm/a.le.v7/libstartup.a(alloc_qtime.o)